<html>
<body>
<pre>
<h1>µVision Build Log</h1>
<h2>Tool Versions:</h2>
IDE-Version: ¦ÌVision V5.13.0.0
Copyright (C) 2014 ARM Ltd and ARM Germany GmbH. All rights reserved.
License Information: 1 Microsoft, Microsoft, LIC=MPP56-DEQAY-61DPW-Q0NEI-UTX59-QT3GV
 
Tool Versions:
Toolchain:       MDK-ARM Standard  Version: 5.13.0.0
Toolchain Path:  D:\APP\Major\keil513\ARM\ARMCC\Bin
C Compiler:      Armcc.exe V5.05 update 1 (build 106)
Assembler:       Armasm.exe V5.05 update 1 (build 106)
Linker/Locator:  ArmLink.exe V5.05 update 1 (build 106)
Library Manager: ArmAr.exe V5.05 update 1 (build 106)
Hex Converter:   FromElf.exe V5.05 update 1 (build 106)
CPU DLL:         SARMCM3.DLL V5.13.0.0
Dialog DLL:      DCM.DLL V1.13.1.0
Target DLL:      STLink\ST-LINKIII-KEIL_SWO.dll V2.0.14.0_KEIL
Dialog DLL:      TCM.DLL V1.14.4.0
 
<h2>Project:</h2>
D:\GithubPro\MavSword\MavSwordCode\MDK-ARM\MavSword.uvprojx
Project File Date:  07/30/2018

<h2>Output:</h2>
Build target 'MavSword'
compiling UserTask.c...
..\Src\UserTask.c(126): warning:  #188-D: enumerated type mixed with another type
        RGB1_Close();
..\Src\UserTask.c(126): warning:  #188-D: enumerated type mixed with another type
        RGB1_Close();
..\Src\UserTask.c(126): warning:  #188-D: enumerated type mixed with another type
        RGB1_Close();
..\Src\UserTask.c(127): warning:  #188-D: enumerated type mixed with another type
        RGB2_Close();
..\Src\UserTask.c(127): warning:  #188-D: enumerated type mixed with another type
        RGB2_Close();
..\Src\UserTask.c(127): warning:  #188-D: enumerated type mixed with another type
        RGB2_Close();
..\Src\UserTask.c(232): warning:  #188-D: enumerated type mixed with another type
                        mavlink_msg_command_long_send(USART1_ID, 0x01, 0x01, MAV_CMD_DO_START_MAG_CAL, 0, system_flag.compass_select, 1, 0, 0, 0, 0, 0);
..\Src\UserTask.c(627): warning:  #174-D: expression has no effect
                        system_flag.oled_page==0;
..\Src\UserTask.c(855): warning:  #167-D: argument of type "char *" is incompatible with parameter of type "unsigned char *"
                                                OLED_ShowString(68,7,buff,8);
..\Src\UserTask.c(1274): warning:  #188-D: enumerated type mixed with another type
        mavlink_msg_request_data_stream_send_struct(chan, &r_send_data);
..\Src\UserTask.c(1275): warning:  #188-D: enumerated type mixed with another type
        mavlink_msg_request_data_stream_send_struct(chan, &r_send_data);
..\Src\UserTask.c(1279): warning:  #188-D: enumerated type mixed with another type
        mavlink_msg_request_data_stream_send_struct(chan, &r_send_data);
..\Src\UserTask.c(1280): warning:  #188-D: enumerated type mixed with another type
        mavlink_msg_request_data_stream_send_struct(chan, &r_send_data);
..\Src\UserTask.c(1284): warning:  #188-D: enumerated type mixed with another type
        mavlink_msg_request_data_stream_send_struct(chan, &r_send_data);
..\Src\UserTask.c(1285): warning:  #188-D: enumerated type mixed with another type
        mavlink_msg_request_data_stream_send_struct(chan, &r_send_data);
..\Src\UserTask.c(1289): warning:  #188-D: enumerated type mixed with another type
        mavlink_msg_request_data_stream_send_struct(chan, &r_send_data);
..\Src\UserTask.c(1290): warning:  #188-D: enumerated type mixed with another type
        mavlink_msg_request_data_stream_send_struct(chan, &r_send_data);
..\Src\UserTask.c(1294): warning:  #188-D: enumerated type mixed with another type
        mavlink_msg_request_data_stream_send_struct(chan, &r_send_data);
..\Src\UserTask.c(1295): warning:  #188-D: enumerated type mixed with another type
        mavlink_msg_request_data_stream_send_struct(chan, &r_send_data);
..\Src\UserTask.c(1299): warning:  #188-D: enumerated type mixed with another type
        mavlink_msg_request_data_stream_send_struct(chan, &r_send_data);
..\Src\UserTask.c(1300): warning:  #188-D: enumerated type mixed with another type
        mavlink_msg_request_data_stream_send_struct(chan, &r_send_data);
..\Src\UserTask.c(1304): warning:  #188-D: enumerated type mixed with another type
        mavlink_msg_request_data_stream_send_struct(chan, &r_send_data);
..\Src\UserTask.c(1305): warning:  #188-D: enumerated type mixed with another type
        mavlink_msg_request_data_stream_send_struct(chan, &r_send_data);
..\Src\UserTask.c(1589): warning:  #188-D: enumerated type mixed with another type
                                RGB1_Red();
..\Src\UserTask.c(1589): warning:  #188-D: enumerated type mixed with another type
                                RGB1_Red();
..\Src\UserTask.c(1589): warning:  #188-D: enumerated type mixed with another type
                                RGB1_Red();
..\Src\UserTask.c(1590): warning:  #188-D: enumerated type mixed with another type
                                RGB2_Red();
..\Src\UserTask.c(1590): warning:  #188-D: enumerated type mixed with another type
                                RGB2_Red();
..\Src\UserTask.c(1590): warning:  #188-D: enumerated type mixed with another type
                                RGB2_Red();
..\Src\UserTask.c(1593): warning:  #188-D: enumerated type mixed with another type
                                RGB1_Blue();
..\Src\UserTask.c(1593): warning:  #188-D: enumerated type mixed with another type
                                RGB1_Blue();
..\Src\UserTask.c(1593): warning:  #188-D: enumerated type mixed with another type
                                RGB1_Blue();
..\Src\UserTask.c(1594): warning:  #188-D: enumerated type mixed with another type
                                RGB2_Blue();
..\Src\UserTask.c(1594): warning:  #188-D: enumerated type mixed with another type
                                RGB2_Blue();
..\Src\UserTask.c(1594): warning:  #188-D: enumerated type mixed with another type
                                RGB2_Blue();
..\Src\UserTask.c(1604): warning:  #188-D: enumerated type mixed with another type
                RGB1_Close();
..\Src\UserTask.c(1604): warning:  #188-D: enumerated type mixed with another type
                RGB1_Close();
..\Src\UserTask.c(1604): warning:  #188-D: enumerated type mixed with another type
                RGB1_Close();
..\Src\UserTask.c(1605): warning:  #188-D: enumerated type mixed with another type
                RGB2_Close();
..\Src\UserTask.c(1605): warning:  #188-D: enumerated type mixed with another type
                RGB2_Close();
..\Src\UserTask.c(1605): warning:  #188-D: enumerated type mixed with another type
                RGB2_Close();
..\Src\UserTask.c(1618): warning:  #188-D: enumerated type mixed with another type
                                RGB1_Red();
..\Src\UserTask.c(1618): warning:  #188-D: enumerated type mixed with another type
                                RGB1_Red();
..\Src\UserTask.c(1618): warning:  #188-D: enumerated type mixed with another type
                                RGB1_Red();
..\Src\UserTask.c(1619): warning:  #188-D: enumerated type mixed with another type
                                RGB2_Red();
..\Src\UserTask.c(1619): warning:  #188-D: enumerated type mixed with another type
                                RGB2_Red();
..\Src\UserTask.c(1619): warning:  #188-D: enumerated type mixed with another type
                                RGB2_Red();
..\Src\UserTask.c(1626): warning:  #188-D: enumerated type mixed with another type
                                RGB1_Blue();
..\Src\UserTask.c(1626): warning:  #188-D: enumerated type mixed with another type
                                RGB1_Blue();
..\Src\UserTask.c(1626): warning:  #188-D: enumerated type mixed with another type
                                RGB1_Blue();
..\Src\UserTask.c(1627): warning:  #188-D: enumerated type mixed with another type
                                RGB2_Blue();
..\Src\UserTask.c(1627): warning:  #188-D: enumerated type mixed with another type
                                RGB2_Blue();
..\Src\UserTask.c(1627): warning:  #188-D: enumerated type mixed with another type
                                RGB2_Blue();
..\Src\UserTask.c(1634): warning:  #188-D: enumerated type mixed with another type
                                RGB1_Green();
..\Src\UserTask.c(1634): warning:  #188-D: enumerated type mixed with another type
                                RGB1_Green();
..\Src\UserTask.c(1634): warning:  #188-D: enumerated type mixed with another type
                                RGB1_Green();
..\Src\UserTask.c(1635): warning:  #188-D: enumerated type mixed with another type
                                RGB2_Green();
..\Src\UserTask.c(1635): warning:  #188-D: enumerated type mixed with another type
                                RGB2_Green();
..\Src\UserTask.c(1635): warning:  #188-D: enumerated type mixed with another type
                                RGB2_Green();
..\Src\UserTask.c(1640): warning:  #188-D: enumerated type mixed with another type
                                RGB1_Close();
..\Src\UserTask.c(1640): warning:  #188-D: enumerated type mixed with another type
                                RGB1_Close();
..\Src\UserTask.c(1640): warning:  #188-D: enumerated type mixed with another type
                                RGB1_Close();
..\Src\UserTask.c(1641): warning:  #188-D: enumerated type mixed with another type
                                RGB2_Close();
..\Src\UserTask.c(1641): warning:  #188-D: enumerated type mixed with another type
                                RGB2_Close();
..\Src\UserTask.c(1641): warning:  #188-D: enumerated type mixed with another type
                                RGB2_Close();
..\Src\UserTask.c(1663): warning:  #188-D: enumerated type mixed with another type
                                RGB1_Yellow();
..\Src\UserTask.c(1663): warning:  #188-D: enumerated type mixed with another type
                                RGB1_Yellow();
..\Src\UserTask.c(1663): warning:  #188-D: enumerated type mixed with another type
                                RGB1_Yellow();
..\Src\UserTask.c(1664): warning:  #188-D: enumerated type mixed with another type
                                RGB2_Yellow();
..\Src\UserTask.c(1664): warning:  #188-D: enumerated type mixed with another type
                                RGB2_Yellow();
..\Src\UserTask.c(1664): warning:  #188-D: enumerated type mixed with another type
                                RGB2_Yellow();
..\Src\UserTask.c(1678): warning:  #188-D: enumerated type mixed with another type
                                                RGB1_Red();
..\Src\UserTask.c(1678): warning:  #188-D: enumerated type mixed with another type
                                                RGB1_Red();
..\Src\UserTask.c(1678): warning:  #188-D: enumerated type mixed with another type
                                                RGB1_Red();
..\Src\UserTask.c(1679): warning:  #188-D: enumerated type mixed with another type
                                                RGB2_Red();
..\Src\UserTask.c(1679): warning:  #188-D: enumerated type mixed with another type
                                                RGB2_Red();
..\Src\UserTask.c(1679): warning:  #188-D: enumerated type mixed with another type
                                                RGB2_Red();
..\Src\UserTask.c(1682): warning:  #188-D: enumerated type mixed with another type
                                                RGB1_Blue();
..\Src\UserTask.c(1682): warning:  #188-D: enumerated type mixed with another type
                                                RGB1_Blue();
..\Src\UserTask.c(1682): warning:  #188-D: enumerated type mixed with another type
                                                RGB1_Blue();
..\Src\UserTask.c(1683): warning:  #188-D: enumerated type mixed with another type
                                                RGB2_Blue();
..\Src\UserTask.c(1683): warning:  #188-D: enumerated type mixed with another type
                                                RGB2_Blue();
..\Src\UserTask.c(1683): warning:  #188-D: enumerated type mixed with another type
                                                RGB2_Blue();
..\Src\UserTask.c(1686): warning:  #188-D: enumerated type mixed with another type
                                                RGB1_Close();
..\Src\UserTask.c(1686): warning:  #188-D: enumerated type mixed with another type
                                                RGB1_Close();
..\Src\UserTask.c(1686): warning:  #188-D: enumerated type mixed with another type
                                                RGB1_Close();
..\Src\UserTask.c(1687): warning:  #188-D: enumerated type mixed with another type
                                                RGB2_Close();
..\Src\UserTask.c(1687): warning:  #188-D: enumerated type mixed with another type
                                                RGB2_Close();
..\Src\UserTask.c(1687): warning:  #188-D: enumerated type mixed with another type
                                                RGB2_Close();
..\Src\UserTask.c(1699): warning:  #188-D: enumerated type mixed with another type
                        RGB1_Green();
..\Src\UserTask.c(1699): warning:  #188-D: enumerated type mixed with another type
                        RGB1_Green();
..\Src\UserTask.c(1699): warning:  #188-D: enumerated type mixed with another type
                        RGB1_Green();
..\Src\UserTask.c(1700): warning:  #188-D: enumerated type mixed with another type
                        RGB2_Green();
..\Src\UserTask.c(1700): warning:  #188-D: enumerated type mixed with another type
                        RGB2_Green();
..\Src\UserTask.c(1700): warning:  #188-D: enumerated type mixed with another type
                        RGB2_Green();
..\Src\UserTask.c(1703): warning:  #188-D: enumerated type mixed with another type
                        RGB1_Blue();
..\Src\UserTask.c(1703): warning:  #188-D: enumerated type mixed with another type
                        RGB1_Blue();
..\Src\UserTask.c(1703): warning:  #188-D: enumerated type mixed with another type
                        RGB1_Blue();
..\Src\UserTask.c(1704): warning:  #188-D: enumerated type mixed with another type
                        RGB2_Blue();
..\Src\UserTask.c(1704): warning:  #188-D: enumerated type mixed with another type
                        RGB2_Blue();
..\Src\UserTask.c(1704): warning:  #188-D: enumerated type mixed with another type
                        RGB2_Blue();
..\Src\UserTask.c(1716): warning:  #188-D: enumerated type mixed with another type
                                        RGB1_Yellow();
..\Src\UserTask.c(1716): warning:  #188-D: enumerated type mixed with another type
                                        RGB1_Yellow();
..\Src\UserTask.c(1716): warning:  #188-D: enumerated type mixed with another type
                                        RGB1_Yellow();
..\Src\UserTask.c(1717): warning:  #188-D: enumerated type mixed with another type
                                        RGB2_Yellow();
..\Src\UserTask.c(1717): warning:  #188-D: enumerated type mixed with another type
                                        RGB2_Yellow();
..\Src\UserTask.c(1717): warning:  #188-D: enumerated type mixed with another type
                                        RGB2_Yellow();
..\Src\UserTask.c(1726): warning:  #188-D: enumerated type mixed with another type
                                        RGB1_Close();
..\Src\UserTask.c(1726): warning:  #188-D: enumerated type mixed with another type
                                        RGB1_Close();
..\Src\UserTask.c(1726): warning:  #188-D: enumerated type mixed with another type
                                        RGB1_Close();
..\Src\UserTask.c(1727): warning:  #188-D: enumerated type mixed with another type
                                        RGB2_Close();
..\Src\UserTask.c(1727): warning:  #188-D: enumerated type mixed with another type
                                        RGB2_Close();
..\Src\UserTask.c(1727): warning:  #188-D: enumerated type mixed with another type
                                        RGB2_Close();
..\Src\UserTask.c(1738): warning:  #188-D: enumerated type mixed with another type
                                                        RGB1_Green();
..\Src\UserTask.c(1738): warning:  #188-D: enumerated type mixed with another type
                                                        RGB1_Green();
..\Src\UserTask.c(1738): warning:  #188-D: enumerated type mixed with another type
                                                        RGB1_Green();
..\Src\UserTask.c(1739): warning:  #188-D: enumerated type mixed with another type
                                                        RGB2_Green();
..\Src\UserTask.c(1739): warning:  #188-D: enumerated type mixed with another type
                                                        RGB2_Green();
..\Src\UserTask.c(1739): warning:  #188-D: enumerated type mixed with another type
                                                        RGB2_Green();
..\Src\UserTask.c(1744): warning:  #188-D: enumerated type mixed with another type
                                                        RGB1_Close();
..\Src\UserTask.c(1744): warning:  #188-D: enumerated type mixed with another type
                                                        RGB1_Close();
..\Src\UserTask.c(1744): warning:  #188-D: enumerated type mixed with another type
                                                        RGB1_Close();
..\Src\UserTask.c(1745): warning:  #188-D: enumerated type mixed with another type
                                                        RGB2_Close();
..\Src\UserTask.c(1745): warning:  #188-D: enumerated type mixed with another type
                                                        RGB2_Close();
..\Src\UserTask.c(1745): warning:  #188-D: enumerated type mixed with another type
                                                        RGB2_Close();
..\Src\UserTask.c(1750): warning:  #188-D: enumerated type mixed with another type
                                                        RGB1_Green();
..\Src\UserTask.c(1750): warning:  #188-D: enumerated type mixed with another type
                                                        RGB1_Green();
..\Src\UserTask.c(1750): warning:  #188-D: enumerated type mixed with another type
                                                        RGB1_Green();
..\Src\UserTask.c(1751): warning:  #188-D: enumerated type mixed with another type
                                                        RGB2_Green();
..\Src\UserTask.c(1751): warning:  #188-D: enumerated type mixed with another type
                                                        RGB2_Green();
..\Src\UserTask.c(1751): warning:  #188-D: enumerated type mixed with another type
                                                        RGB2_Green();
..\Src\UserTask.c(1756): warning:  #188-D: enumerated type mixed with another type
                                                        RGB1_Close();
..\Src\UserTask.c(1756): warning:  #188-D: enumerated type mixed with another type
                                                        RGB1_Close();
..\Src\UserTask.c(1756): warning:  #188-D: enumerated type mixed with another type
                                                        RGB1_Close();
..\Src\UserTask.c(1757): warning:  #188-D: enumerated type mixed with another type
                                                        RGB2_Close();
..\Src\UserTask.c(1757): warning:  #188-D: enumerated type mixed with another type
                                                        RGB2_Close();
..\Src\UserTask.c(1757): warning:  #188-D: enumerated type mixed with another type
                                                        RGB2_Close();
..\Src\UserTask.c(1761): warning:  #188-D: enumerated type mixed with another type
                                                RGB1_Close();
..\Src\UserTask.c(1761): warning:  #188-D: enumerated type mixed with another type
                                                RGB1_Close();
..\Src\UserTask.c(1761): warning:  #188-D: enumerated type mixed with another type
                                                RGB1_Close();
..\Src\UserTask.c(1762): warning:  #188-D: enumerated type mixed with another type
                                                RGB2_Close();
..\Src\UserTask.c(1762): warning:  #188-D: enumerated type mixed with another type
                                                RGB2_Close();
..\Src\UserTask.c(1762): warning:  #188-D: enumerated type mixed with another type
                                                RGB2_Close();
..\Src\UserTask.c(1765): warning:  #188-D: enumerated type mixed with another type
                                                                RGB1_Green();
..\Src\UserTask.c(1765): warning:  #188-D: enumerated type mixed with another type
                                                                RGB1_Green();
..\Src\UserTask.c(1765): warning:  #188-D: enumerated type mixed with another type
                                                                RGB1_Green();
..\Src\UserTask.c(1766): warning:  #188-D: enumerated type mixed with another type
                                                                RGB2_Green();
..\Src\UserTask.c(1766): warning:  #188-D: enumerated type mixed with another type
                                                                RGB2_Green();
..\Src\UserTask.c(1766): warning:  #188-D: enumerated type mixed with another type
                                                                RGB2_Green();
..\Src\UserTask.c(1769): warning:  #188-D: enumerated type mixed with another type
                                                                RGB1_Blue();
..\Src\UserTask.c(1769): warning:  #188-D: enumerated type mixed with another type
                                                                RGB1_Blue();
..\Src\UserTask.c(1769): warning:  #188-D: enumerated type mixed with another type
                                                                RGB1_Blue();
..\Src\UserTask.c(1770): warning:  #188-D: enumerated type mixed with another type
                                                                RGB2_Blue();
..\Src\UserTask.c(1770): warning:  #188-D: enumerated type mixed with another type
                                                                RGB2_Blue();
..\Src\UserTask.c(1770): warning:  #188-D: enumerated type mixed with another type
                                                                RGB2_Blue();
..\Src\UserTask.c(1775): warning:  #188-D: enumerated type mixed with another type
                                                        RGB1_Close();
..\Src\UserTask.c(1775): warning:  #188-D: enumerated type mixed with another type
                                                        RGB1_Close();
..\Src\UserTask.c(1775): warning:  #188-D: enumerated type mixed with another type
                                                        RGB1_Close();
..\Src\UserTask.c(1776): warning:  #188-D: enumerated type mixed with another type
                                                        RGB2_Close();
..\Src\UserTask.c(1776): warning:  #188-D: enumerated type mixed with another type
                                                        RGB2_Close();
..\Src\UserTask.c(1776): warning:  #188-D: enumerated type mixed with another type
                                                        RGB2_Close();
..\Src\UserTask.c(1782): warning:  #188-D: enumerated type mixed with another type
                                                        RGB1_Green();
..\Src\UserTask.c(1782): warning:  #188-D: enumerated type mixed with another type
                                                        RGB1_Green();
..\Src\UserTask.c(1782): warning:  #188-D: enumerated type mixed with another type
                                                        RGB1_Green();
..\Src\UserTask.c(1783): warning:  #188-D: enumerated type mixed with another type
                                                        RGB2_Green();
..\Src\UserTask.c(1783): warning:  #188-D: enumerated type mixed with another type
                                                        RGB2_Green();
..\Src\UserTask.c(1783): warning:  #188-D: enumerated type mixed with another type
                                                        RGB2_Green();
..\Src\UserTask.c(1789): warning:  #188-D: enumerated type mixed with another type
                                                        RGB1_Close();
..\Src\UserTask.c(1789): warning:  #188-D: enumerated type mixed with another type
                                                        RGB1_Close();
..\Src\UserTask.c(1789): warning:  #188-D: enumerated type mixed with another type
                                                        RGB1_Close();
..\Src\UserTask.c(1790): warning:  #188-D: enumerated type mixed with another type
                                                        RGB2_Close();
..\Src\UserTask.c(1790): warning:  #188-D: enumerated type mixed with another type
                                                        RGB2_Close();
..\Src\UserTask.c(1790): warning:  #188-D: enumerated type mixed with another type
                                                        RGB2_Close();
..\Src\UserTask.c(1795): warning:  #188-D: enumerated type mixed with another type
                                                        RGB1_Green();
..\Src\UserTask.c(1795): warning:  #188-D: enumerated type mixed with another type
                                                        RGB1_Green();
..\Src\UserTask.c(1795): warning:  #188-D: enumerated type mixed with another type
                                                        RGB1_Green();
..\Src\UserTask.c(1796): warning:  #188-D: enumerated type mixed with another type
                                                        RGB2_Green();
..\Src\UserTask.c(1796): warning:  #188-D: enumerated type mixed with another type
                                                        RGB2_Green();
..\Src\UserTask.c(1796): warning:  #188-D: enumerated type mixed with another type
                                                        RGB2_Green();
..\Src\UserTask.c(1801): warning:  #188-D: enumerated type mixed with another type
                                                RGB1_Close();
..\Src\UserTask.c(1801): warning:  #188-D: enumerated type mixed with another type
                                                RGB1_Close();
..\Src\UserTask.c(1801): warning:  #188-D: enumerated type mixed with another type
                                                RGB1_Close();
..\Src\UserTask.c(1802): warning:  #188-D: enumerated type mixed with another type
                                                RGB2_Close();
..\Src\UserTask.c(1802): warning:  #188-D: enumerated type mixed with another type
                                                RGB2_Close();
..\Src\UserTask.c(1802): warning:  #188-D: enumerated type mixed with another type
                                                RGB2_Close();
..\Src\UserTask.c(1571): warning:  #177-D: variable "timeMs" was declared but never referenced
        static unsigned char timeMs = 0;
..\Src\UserTask.c(1022): warning:  #177-D: function "mavlinkV1_parse" was declared but never referenced
  static unsigned char mavlinkV1_parse(uint8_t chan, uint8_t c)
..\Src\UserTask.c(1264): warning:  #177-D: function "request_send_data" was declared but never referenced
  static void request_send_data(uint8_t chan)
..\Src\UserTask.c(1535): warning:  #177-D: function "acc_pro" was declared but never referenced
  static void acc_pro(DroneImuPro* pip)
..\Src\UserTask.c(2018): warning:  #177-D: function "commadn_ack_pro" was declared but never referenced
  static void commadn_ack_pro(uint16_t command, uint8_t result)
..\Src\UserTask.c: 190 warnings, 0 errors
linking...
Program Size: Code=21152 RO-data=3816 RW-data=160 ZI-data=15040  
"MavSword\MavSword.axf" - 0 Error(s), 190 Warning(s).

<h2>Software Packages used:</h2>

Package Vendor: ARM
                http://www.keil.com/pack/ARM.CMSIS.4.2.0.pack
                ARM::CMSIS:CORE:3.40.0
                CMSIS (Cortex Microcontroller Software Interface Standard)
   * Component: CORE Version: 3.40.0

<h2>Collection of Component include folders:</h2>
  D:\GithubPro\MavSword\MavSwordCode\MDK-ARM\RTE
  D:\APP\Major\keil513\ARM\PACK\ARM\CMSIS\4.2.0\CMSIS\Include
  D:\APP\Major\keil513\ARM\PACK\Keil\STM32F1xx_DFP\2.0.0

<h2>Collection of Component Files used:</h2>

   * Component: ARM::CMSIS:CORE:3.40.0
      Source file:   CMSIS\UserCodeTemplates\ARM\ITM_Retarget.c
</pre>
</body>
</html>
