Component: ARM Compiler 5.05 update 1 (build 106) Tool: armlink [4d0efa]

==============================================================================

Section Cross References

    startup_stm32f103xb.o(RESET) refers to startup_stm32f103xb.o(STACK) for __initial_sp
    startup_stm32f103xb.o(RESET) refers to startup_stm32f103xb.o(.text) for Reset_Handler
    startup_stm32f103xb.o(RESET) refers to stm32f1xx_it.o(i.NMI_Handler) for NMI_Handler
    startup_stm32f103xb.o(RESET) refers to stm32f1xx_it.o(i.HardFault_Handler) for HardFault_Handler
    startup_stm32f103xb.o(RESET) refers to stm32f1xx_it.o(i.MemManage_Handler) for MemManage_Handler
    startup_stm32f103xb.o(RESET) refers to stm32f1xx_it.o(i.BusFault_Handler) for BusFault_Handler
    startup_stm32f103xb.o(RESET) refers to stm32f1xx_it.o(i.UsageFault_Handler) for UsageFault_Handler
    startup_stm32f103xb.o(RESET) refers to port.o(.emb_text) for SVC_Handler
    startup_stm32f103xb.o(RESET) refers to stm32f1xx_it.o(i.DebugMon_Handler) for DebugMon_Handler
    startup_stm32f103xb.o(RESET) refers to stm32f1xx_it.o(i.SysTick_Handler) for SysTick_Handler
    startup_stm32f103xb.o(RESET) refers to stm32f1xx_it.o(i.EXTI0_IRQHandler) for EXTI0_IRQHandler
    startup_stm32f103xb.o(RESET) refers to stm32f1xx_it.o(i.EXTI1_IRQHandler) for EXTI1_IRQHandler
    startup_stm32f103xb.o(RESET) refers to stm32f1xx_it.o(i.DMA1_Channel4_IRQHandler) for DMA1_Channel4_IRQHandler
    startup_stm32f103xb.o(RESET) refers to stm32f1xx_it.o(i.DMA1_Channel7_IRQHandler) for DMA1_Channel7_IRQHandler
    startup_stm32f103xb.o(RESET) refers to stm32f1xx_it.o(i.USART1_IRQHandler) for USART1_IRQHandler
    startup_stm32f103xb.o(RESET) refers to stm32f1xx_it.o(i.USART2_IRQHandler) for USART2_IRQHandler
    startup_stm32f103xb.o(.text) refers to system_stm32f1xx.o(i.SystemInit) for SystemInit
    startup_stm32f103xb.o(.text) refers to entry.o(.ARM.Collect$$$$00000000) for __main
    main.o(i.MX_ADC1_Init) refers to stm32f1xx_hal_adc.o(i.HAL_ADC_Init) for HAL_ADC_Init
    main.o(i.MX_ADC1_Init) refers to stm32f1xx_hal_adc.o(i.HAL_ADC_ConfigChannel) for HAL_ADC_ConfigChannel
    main.o(i.MX_ADC1_Init) refers to usertask.o(.bss) for hadc1
    main.o(i.MX_GPIO_Init) refers to stm32f1xx_hal_gpio.o(i.HAL_GPIO_WritePin) for HAL_GPIO_WritePin
    main.o(i.MX_GPIO_Init) refers to stm32f1xx_hal_gpio.o(i.HAL_GPIO_Init) for HAL_GPIO_Init
    main.o(i.MX_NVIC_Init) refers to stm32f1xx_hal_cortex.o(i.HAL_NVIC_SetPriority) for HAL_NVIC_SetPriority
    main.o(i.MX_NVIC_Init) refers to stm32f1xx_hal_cortex.o(i.HAL_NVIC_EnableIRQ) for HAL_NVIC_EnableIRQ
    main.o(i.StartDefaultTask) refers to cmsis_os.o(i.osDelay) for osDelay
    main.o(i.SystemClock_Config) refers to stm32f1xx_hal_rcc.o(i.HAL_RCC_OscConfig) for HAL_RCC_OscConfig
    main.o(i.SystemClock_Config) refers to stm32f1xx_hal_rcc.o(i.HAL_RCC_ClockConfig) for HAL_RCC_ClockConfig
    main.o(i.SystemClock_Config) refers to stm32f1xx_hal_rcc_ex.o(i.HAL_RCCEx_PeriphCLKConfig) for HAL_RCCEx_PeriphCLKConfig
    main.o(i.SystemClock_Config) refers to stm32f1xx_hal_rcc.o(i.HAL_RCC_GetHCLKFreq) for HAL_RCC_GetHCLKFreq
    main.o(i.SystemClock_Config) refers to stm32f1xx_hal_cortex.o(i.HAL_SYSTICK_Config) for HAL_SYSTICK_Config
    main.o(i.SystemClock_Config) refers to stm32f1xx_hal_cortex.o(i.HAL_SYSTICK_CLKSourceConfig) for HAL_SYSTICK_CLKSourceConfig
    main.o(i.SystemClock_Config) refers to stm32f1xx_hal_cortex.o(i.HAL_NVIC_SetPriority) for HAL_NVIC_SetPriority
    main.o(i.main) refers to stm32f1xx_hal.o(i.HAL_Init) for HAL_Init
    main.o(i.main) refers to main.o(i.SystemClock_Config) for SystemClock_Config
    main.o(i.main) refers to main.o(i.MX_GPIO_Init) for MX_GPIO_Init
    main.o(i.main) refers to main.o(i.MX_ADC1_Init) for MX_ADC1_Init
    main.o(i.main) refers to stm32f1xx_hal_uart.o(i.HAL_UART_Init) for HAL_UART_Init
    main.o(i.main) refers to stm32f1xx_hal_iwdg.o(i.HAL_IWDG_Init) for HAL_IWDG_Init
    main.o(i.main) refers to main.o(i.MX_NVIC_Init) for MX_NVIC_Init
    main.o(i.main) refers to usertask.o(i.app_run) for app_run
    main.o(i.main) refers to cmsis_os.o(i.osKernelStart) for osKernelStart
    main.o(i.main) refers to usertask.o(.bss) for huart1
    main.o(i.main) refers to main.o(.bss) for .bss
    stm32f1xx_it.o(i.DMA1_Channel4_IRQHandler) refers to stm32f1xx_hal_dma.o(i.HAL_DMA_IRQHandler) for HAL_DMA_IRQHandler
    stm32f1xx_it.o(i.DMA1_Channel4_IRQHandler) refers to main.o(.bss) for hdma_usart1_tx
    stm32f1xx_it.o(i.DMA1_Channel7_IRQHandler) refers to stm32f1xx_hal_dma.o(i.HAL_DMA_IRQHandler) for HAL_DMA_IRQHandler
    stm32f1xx_it.o(i.DMA1_Channel7_IRQHandler) refers to main.o(.bss) for hdma_usart2_tx
    stm32f1xx_it.o(i.EXTI0_IRQHandler) refers to stm32f1xx_hal_gpio.o(i.HAL_GPIO_EXTI_IRQHandler) for HAL_GPIO_EXTI_IRQHandler
    stm32f1xx_it.o(i.EXTI0_IRQHandler) refers to hardwareconfig.o(i.button_exti_callback) for button_exti_callback
[...]
    i.__scatterload_zeroinit                 0x0800283a   Section       14  handlers.o(i.__scatterload_zeroinit)
    i._mav_finalize_message_chan_send        0x08002848   Section        0  usertask.o(i._mav_finalize_message_chan_send)
    _mav_finalize_message_chan_send          0x08002849   Thumb Code   190  usertask.o(i._mav_finalize_message_chan_send)
    i.app_run                                0x08002910   Section        0  usertask.o(i.app_run)
    i.beep_switch                            0x08002b2c   Section        0  usertask.o(i.beep_switch)
    beep_switch                              0x08002b2d   Thumb Code   246  usertask.o(i.beep_switch)
    i.beep_task                              0x08002c30   Section        0  usertask.o(i.beep_task)
    i.button_event_task                      0x08002c4c   Section        0  usertask.o(i.button_event_task)
    i.button_exti_callback                   0x08002dfc   Section        0  hardwareconfig.o(i.button_exti_callback)
    i.clearLoopQueue                         0x08002e28   Section        0  loopqueue.o(i.clearLoopQueue)
    i.command_ack_pro                        0x08002e3c   Section        0  usertask.o(i.command_ack_pro)
    command_ack_pro                          0x08002e3d   Thumb Code    56  usertask.o(i.command_ack_pro)
    i.copy_string                            0x08002e78   Section        0  oled_display.o(i.copy_string)
    i.crc_accumulate                         0x08002e92   Section        0  usertask.o(i.crc_accumulate)
    crc_accumulate                           0x08002e93   Thumb Code    28  usertask.o(i.crc_accumulate)
    i.custom_mode_to_string                  0x08002eb0   Section        0  usertask.o(i.custom_mode_to_string)
    custom_mode_to_string                    0x08002eb1   Thumb Code   126  usertask.o(i.custom_mode_to_string)
    i.display_logo                           0x08002fdc   Section        0  oled_display.o(i.display_logo)
    i.display_north                          0x08002ff4   Section        0  oled_display.o(i.display_north)
    i.display_string_Font8_16                0x08003014   Section        0  oled_display.o(i.display_string_Font8_16)
    i.display_title                          0x0800301c   Section        0  oled_display.o(i.display_title)
    i.feed_dog_task                          0x08003034   Section        0  usertask.o(i.feed_dog_task)
    i.float_to_string                        0x08003048   Section        0  oled_display.o(i.float_to_string)
    i.getUsartRecLoopQueue                   0x0800317c   Section        0  usartdriver.o(i.getUsartRecLoopQueue)
    i.getUsartSendLoopQueue                  0x080031a4   Section        0  usartdriver.o(i.getUsartSendLoopQueue)
    i.get_button_by_id                       0x080031cc   Section        0  hardwareconfig.o(i.get_button_by_id)
    i.gps_type_to_string                     0x080031e4   Section        0  usertask.o(i.gps_type_to_string)
    gps_type_to_string                       0x080031e5   Thumb Code    64  usertask.o(i.gps_type_to_string)
    i.info_sum                               0x08003270   Section        0  usertask.o(i.info_sum)
    info_sum                                 0x08003271   Thumb Code   116  usertask.o(i.info_sum)
    i.initCharLoopQueue                      0x080032e4   Section        0  loopqueue.o(i.initCharLoopQueue)
    i.initUsartBuff                          0x08003310   Section        0  usartdriver.o(i.initUsartBuff)
    i.initUsartIT                            0x08003390   Section        0  usertask.o(i.initUsartIT)
    i.init_button                            0x080033c2   Section        0  buttondriver.o(i.init_button)
    i.init_hardware                          0x080033dc   Section        0  usertask.o(i.init_hardware)
    i.init_system_button                     0x08003400   Section        0  hardwareconfig.o(i.init_system_button)
    i.insertCharLoopQueue                    0x0800341c   Section        0  loopqueue.o(i.insertCharLoopQueue)
    i.int_to_string                          0x08003440   Section        0  oled_display.o(i.int_to_string)
    i.loopQueueLength                        0x080034cc   Section        0  loopqueue.o(i.loopQueueLength)
    i.main                                   0x080034d8   Section        0  main.o(i.main)
    i.makeFreeRtosPriority                   0x08003580   Section        0  cmsis_os.o(i.makeFreeRtosPriority)
    makeFreeRtosPriority                     0x08003581   Thumb Code    12  cmsis_os.o(i.makeFreeRtosPriority)
    i.mav_ekf_report_pro                     0x0800358c   Section        0  usertask.o(i.mav_ekf_report_pro)
    mav_ekf_report_pro                       0x0800358d   Thumb Code   116  usertask.o(i.mav_ekf_report_pro)
    i.mav_status_text_pro                    0x0800360c   Section        0  usertask.o(i.mav_status_text_pro)
    mav_status_text_pro                      0x0800360d   Thumb Code   140  usertask.o(i.mav_status_text_pro)
    i.mav_sys_status_pro                     0x080036bc   Section        0  usertask.o(i.mav_sys_status_pro)
    mav_sys_status_pro                       0x080036bd   Thumb Code    66  usertask.o(i.mav_sys_status_pro)
    i.mavlinkV1_parse                        0x08003704   Section        0  usertask.o(i.mavlinkV1_parse)
    mavlinkV1_parse                          0x08003705   Thumb Code  1116  usertask.o(i.mavlinkV1_parse)
    i.mavlink_frame_char_buffer              0x08003b60   Section        0  usertask.o(i.mavlink_frame_char_buffer)
    mavlink_frame_char_buffer                0x08003b61   Thumb Code   340  usertask.o(i.mavlink_frame_char_buffer)
    i.mavlink_msg_command_long_send          0x08003cb8   Section        0  usertask.o(i.mavlink_msg_command_long_send)
    mavlink_msg_command_long_send            0x08003cb9   Thumb Code    86  usertask.o(i.mavlink_msg_command_long_send)
    i.mavlink_update_checksum                0x08003d0e   Section        0  usertask.o(i.mavlink_update_checksum)
    mavlink_update_checksum                  0x08003d0f   Thumb Code    10  usertask.o(i.mavlink_update_checksum)
    i.osDelay                                0x08003d18   Section        0  cmsis_os.o(i.osDelay)
    i.osKernelStart                          0x08003d26   Section        0  cmsis_os.o(i.osKernelStart)
    i.osSystickHandler                       0x08003d30   Section        0  cmsis_os.o(i.osSystickHandler)
    i.osThreadCreate                         0x08003d44   Section        0  cmsis_os.o(i.osThreadCreate)
    i.pow_int                                0x08003d72   Section        0  oled_display.o(i.pow_int)
    pow_int                                  0x08003d73   Thumb Code    30  oled_display.o(i.pow_int)
    i.prvAddCurrentTaskToDelayedList         0x08003d90   Section        0  tasks.o(i.prvAddCurrentTaskToDelayedList)
    prvAddCurrentTaskToDelayedList           0x08003d91   Thumb Code   102  tasks.o(i.prvAddCurrentTaskToDelayedList)
    i.prvAddNewTaskToReadyList               0x08003e00   Section        0  tasks.o(i.prvAddNewTaskToReadyList)
    prvAddNewTaskToReadyList                 0x08003e01   Thumb Code   194  tasks.o(i.prvAddNewTaskToReadyList)
    i.prvCheckTasksWaitingTermination        0x08003ed0   Section        0  tasks.o(i.prvCheckTasksWaitingTermination)
    prvCheckTasksWaitingTermination          0x08003ed1   Thumb Code    70  tasks.o(i.prvCheckTasksWaitingTermination)
    i.prvCopyDataFromQueue                   0x08003f20   Section        0  queue.o(i.prvCopyDataFromQueue)
    prvCopyDataFromQueue                     0x08003f21   Thumb Code    38  queue.o(i.prvCopyDataFromQueue)
    i.prvCopyDataToQueue                     0x08003f46   Section        0  queue.o(i.prvCopyDataToQueue)
    prvCopyDataToQueue                       0x08003f47   Thumb Code   108  queue.o(i.prvCopyDataToQueue)
    i.prvDeleteTCB                           0x08003fb2   Section        0  tasks.o(i.prvDeleteTCB)
    prvDeleteTCB                             0x08003fb3   Thumb Code    20  tasks.o(i.prvDeleteTCB)
    i.prvHeapInit                            0x08003fc8   Section        0  heap_4.o(i.prvHeapInit)
    prvHeapInit                              0x08003fc9   Thumb Code    66  heap_4.o(i.prvHeapInit)
    i.prvIdleTask                            0x08004014   Section        0  tasks.o(i.prvIdleTask)
    prvIdleTask                              0x08004015   Thumb Code    30  tasks.o(i.prvIdleTask)
    i.prvInitialiseNewTask                   0x0800403c   Section        0  tasks.o(i.prvInitialiseNewTask)
    prvInitialiseNewTask                     0x0800403d   Thumb Code   142  tasks.o(i.prvInitialiseNewTask)
    i.prvInsertBlockIntoFreeList             0x080040cc   Section        0  heap_4.o(i.prvInsertBlockIntoFreeList)
    prvInsertBlockIntoFreeList               0x080040cd   Thumb Code    72  heap_4.o(i.prvInsertBlockIntoFreeList)
    i.prvIsQueueEmpty                        0x08004118   Section        0  queue.o(i.prvIsQueueEmpty)
    prvIsQueueEmpty                          0x08004119   Thumb Code    28  queue.o(i.prvIsQueueEmpty)
    i.prvResetNextTaskUnblockTime            0x08004134   Section        0  tasks.o(i.prvResetNextTaskUnblockTime)
    prvResetNextTaskUnblockTime              0x08004135   Thumb Code    26  tasks.o(i.prvResetNextTaskUnblockTime)
    i.prvTaskExitError                       0x08004154   Section        0  port.o(i.prvTaskExitError)
    prvTaskExitError                         0x08004155   Thumb Code    36  port.o(i.prvTaskExitError)
    i.prvUnlockQueue                         0x0800417c   Section        0  queue.o(i.prvUnlockQueue)
    prvUnlockQueue                           0x0800417d   Thumb Code   106  queue.o(i.prvUnlockQueue)
    i.pvPortMalloc                           0x080041e8   Section        0  heap_4.o(i.pvPortMalloc)
    i.pvTaskIncrementMutexHeldCount          0x080042c0   Section        0  tasks.o(i.pvTaskIncrementMutexHeldCount)
    i.pxPortInitialiseStack                  0x080042d8   Section        0  port.o(i.pxPortInitialiseStack)
    i.read                                   0x080042fc   Section        0  usartdriver.o(i.read)
    i.readCharLoopQueue                      0x0800438c   Section        0  loopqueue.o(i.readCharLoopQueue)
    i.read_button_pin_satus                  0x080043b0   Section        0  hardwareconfig.o(i.read_button_pin_satus)
    i.rgb_led_task                           0x080043cc   Section        0  usertask.o(i.rgb_led_task)
    i.rgb_switch                             0x08004450   Section        0  usertask.o(i.rgb_switch)
    rgb_switch                               0x08004451   Thumb Code   666  usertask.o(i.rgb_switch)
    i.run_led_task                           0x080046f8   Section        0  usertask.o(i.run_led_task)
    i.save_param                             0x080047ec   Section        0  usertask.o(i.save_param)
    save_param                               0x080047ed   Thumb Code    78  usertask.o(i.save_param)
    i.system_init                            0x08004840   Section        0  usertask.o(i.system_init)
    system_init                              0x08004841   Thumb Code    96  usertask.o(i.system_init)
    i.system_test                            0x080048ac   Section        0  usertask.o(i.system_test)
    system_test                              0x080048ad   Thumb Code   320  usertask.o(i.system_test)
    i.time_to_string                         0x080049f4   Section        0  usertask.o(i.time_to_string)
    time_to_string                           0x080049f5   Thumb Code   110  usertask.o(i.time_to_string)
    i.update_oled_task                       0x08004a68   Section        0  usertask.o(i.update_oled_task)
    i.usart1_rec_task                        0x08005770   Section        0  usertask.o(i.usart1_rec_task)
    i.usart1_send_task                       0x080057ac   Section        0  usertask.o(i.usart1_send_task)
    i.usartClearRxBuff                       0x0800594c   Section        0  usartdriver.o(i.usartClearRxBuff)
    i.usartClearTxBuff                       0x08005960   Section        0  usartdriver.o(i.usartClearTxBuff)
    i.usart_send                             0x08005974   Section        0  usertask.o(i.usart_send)
    i.uxListRemove                           0x080059b8   Section        0  list.o(i.uxListRemove)
    i.vListInitialise                        0x080059dc   Section        0  list.o(i.vListInitialise)
    i.vListInitialiseItem                    0x080059f2   Section        0  list.o(i.vListInitialiseItem)
    i.vListInsert                            0x080059f8   Section        0  list.o(i.vListInsert)
    i.vListInsertEnd                         0x08005a28   Section        0  list.o(i.vListInsertEnd)
    i.vPortEnterCritical                     0x08005a40   Section        0  port.o(i.vPortEnterCritical)
    i.vPortExitCritical                      0x08005a80   Section        0  port.o(i.vPortExitCritical)
    i.vPortFree                              0x08005aa8   Section        0  heap_4.o(i.vPortFree)
    i.vPortSetupTimerInterrupt               0x08005b04   Section        0  port.o(i.vPortSetupTimerInterrupt)
    i.vPortValidateInterruptPriority         0x08005b24   Section        0  port.o(i.vPortValidateInterruptPriority)
    i.vTaskDelay                             0x08005b78   Section        0  tasks.o(i.vTaskDelay)
    i.vTaskMissedYield                       0x08005bc4   Section        0  tasks.o(i.vTaskMissedYield)
    i.vTaskPlaceOnEventList                  0x08005bd0   Section        0  tasks.o(i.vTaskPlaceOnEventList)
    i.vTaskPriorityInherit                   0x08005c00   Section        0  tasks.o(i.vTaskPriorityInherit)
    i.vTaskSetTimeOutState                   0x08005c84   Section        0  tasks.o(i.vTaskSetTimeOutState)
    i.vTaskStartScheduler                    0x08005ca8   Section        0  tasks.o(i.vTaskStartScheduler)
    i.vTaskSuspendAll                        0x08005d10   Section        0  tasks.o(i.vTaskSuspendAll)
    i.vTaskSwitchContext                     0x08005d20   Section        0  tasks.o(i.vTaskSwitchContext)
    i.vibe_pro                               0x08005d7c   Section        0  usertask.o(i.vibe_pro)
    vibe_pro                                 0x08005d7d   Thumb Code    80  usertask.o(i.vibe_pro)
    i.vibe_sum                               0x08005dcc   Section        0  usertask.o(i.vibe_sum)
    vibe_sum                                 0x08005dcd   Thumb Code   116  usertask.o(i.vibe_sum)
    i.write                                  0x08005e40   Section        0  usartdriver.o(i.write)
    i.writeBuffLen                           0x08005e9c   Section        0  usartdriver.o(i.writeBuffLen)
    i.xPortStartScheduler                    0x08005ec4   Section        0  port.o(i.xPortStartScheduler)
    i.xPortSysTickHandler                    0x08005f38   Section        0  port.o(i.xPortSysTickHandler)
    i.xQueueCreateMutex                      0x08005f64   Section        0  queue.o(i.xQueueCreateMutex)
    i.xQueueGenericCreate                    0x08005f88   Section        0  queue.o(i.xQueueGenericCreate)
    i.xQueueGenericReceive                   0x08005fd0   Section        0  queue.o(i.xQueueGenericReceive)
    i.xQueueGenericReset                     0x0800613c   Section        0  queue.o(i.xQueueGenericReset)
    i.xQueueGenericSend                      0x080061c4   Section        0  queue.o(i.xQueueGenericSend)
    i.xQueueGenericSendFromISR               0x08006324   Section        0  queue.o(i.xQueueGenericSendFromISR)
    i.xTaskCheckForTimeOut                   0x080063e0   Section        0  tasks.o(i.xTaskCheckForTimeOut)
    i.xTaskCreate                            0x0800644c   Section        0  tasks.o(i.xTaskCreate)
    i.xTaskGetSchedulerState                 0x080064a4   Section        0  tasks.o(i.xTaskGetSchedulerState)
    i.xTaskGetTickCount                      0x080064c0   Section        0  tasks.o(i.xTaskGetTickCount)
    i.xTaskIncrementTick                     0x080064cc   Section        0  tasks.o(i.xTaskIncrementTick)
    i.xTaskPriorityDisinherit                0x08006594   Section        0  tasks.o(i.xTaskPriorityDisinherit)
    i.xTaskRemoveFromEventList               0x0800662c   Section        0  tasks.o(i.xTaskRemoveFromEventList)
    i.xTaskResumeAll                         0x080066a0   Section        0  tasks.o(i.xTaskResumeAll)
    .constdata                               0x08006764   Section     2776  oled.o(.constdata)
    .constdata                               0x0800723c   Section      476  oled_display.o(.constdata)
    .constdata                               0x08007418   Section      468  usertask.o(.constdata)
    mavlink_message_crcs                     0x0800744c   Data         256  usertask.o(.constdata)
    .constdata                               0x080075ec   Section       16  system_stm32f1xx.o(.constdata)
    .constdata                               0x080075fc   Section        8  system_stm32f1xx.o(.constdata)
    .conststring                             0x08007604   Section      111  usertask.o(.conststring)
    .data                                    0x20000000   Section        4  usartdriver.o(.data)
    usart2_rec_buff                          0x20000000   Data           1  usartdriver.o(.data)
    usart2_send_buff                         0x20000001   Data           1  usartdriver.o(.data)
    usart3_rec_buff                          0x20000002   Data           1  usartdriver.o(.data)
    usart3_send_buff                         0x20000003   Data           1  usartdriver.o(.data)
    .data                                    0x20000004   Section       76  usertask.o(.data)
    status_led_enable                        0x20000004   Data           1  usertask.o(.data)
    run_led_enbale                           0x20000005   Data           1  usertask.o(.data)
    system_test_falg                         0x20000006   Data           1  usertask.o(.data)
    step                                     0x20000007   Data           1  usertask.o(.data)
    count                                    0x20000008   Data           1  usertask.o(.data)
    bzClass                                  0x20000009   Data           1  usertask.o(.data)
    pre_arm                                  0x2000000a   Data           1  usertask.o(.data)
    pre_ekf_bad                              0x2000000b   Data           1  usertask.o(.data)
    step                                     0x2000000c   Data           1  usertask.o(.data)
    fail_status                              0x2000000d   Data           1  usertask.o(.data)
    count                                    0x20000010   Data           2  usertask.o(.data)
    userData                                 0x20000014   Data           4  usertask.o(.data)
    serial1_baudrate                         0x20000018   Data           4  usertask.o(.data)
    .data                                    0x20000050   Section       24  heap_4.o(.data)
    pxEnd                                    0x20000050   Data           4  heap_4.o(.data)
    xFreeBytesRemaining                      0x20000054   Data           4  heap_4.o(.data)
    xMinimumEverFreeBytesRemaining           0x20000058   Data           4  heap_4.o(.data)
    xBlockAllocatedBit                       0x2000005c   Data           4  heap_4.o(.data)
    xStart                                   0x20000060   Data           8  heap_4.o(.data)
    .data                                    0x20000068   Section       12  port.o(.data)
    ucMaxSysCallPriority                     0x20000068   Data           1  port.o(.data)
    uxCriticalNesting                        0x2000006c   Data           4  port.o(.data)
    ulMaxPRIGROUPValue                       0x20000070   Data           4  port.o(.data)
    .data                                    0x20000074   Section       60  tasks.o(.data)
    uxDeletedTasksWaitingCleanUp             0x20000078   Data           4  tasks.o(.data)
    uxCurrentNumberOfTasks                   0x2000007c   Data           4  tasks.o(.data)
    xTickCount                               0x20000080   Data           4  tasks.o(.data)
    uxTopReadyPriority                       0x20000084   Data           4  tasks.o(.data)
    xSchedulerRunning                        0x20000088   Data           4  tasks.o(.data)
    uxPendedTicks                            0x2000008c   Data           4  tasks.o(.data)
    xYieldPending                            0x20000090   Data           4  tasks.o(.data)
    xNumOfOverflows                          0x20000094   Data           4  tasks.o(.data)
    uxTaskNumber                             0x20000098   Data           4  tasks.o(.data)
    xNextTaskUnblockTime                     0x2000009c   Data           4  tasks.o(.data)
    xIdleTaskHandle                          0x200000a0   Data           4  tasks.o(.data)
    uxSchedulerSuspended                     0x200000a4   Data           4  tasks.o(.data)
    pxDelayedTaskList                        0x200000a8   Data           4  tasks.o(.data)
    pxOverflowDelayedTaskList                0x200000ac   Data           4  tasks.o(.data)
    .data                                    0x200000b0   Section       12  stm32f1xx_hal.o(.data)
    .data                                    0x200000bc   Section        4  system_stm32f1xx.o(.data)
    .bss                                     0x200000c0   Section       64  main.o(.bss)
    .bss                                     0x20000100   Section       68  main.o(.bss)
    .bss                                     0x20000144   Section       68  main.o(.bss)
    .bss                                     0x20000188   Section       24  hardwareconfig.o(.bss)
    button_array                             0x20000188   Data          24  hardwareconfig.o(.bss)
    .bss                                     0x200001a0   Section     1656  usartdriver.o(.bss)
    usart1_rec_buff                          0x200001a0   Data        1024  usartdriver.o(.bss)
    usart1_send_buff                         0x200005a0   Data         512  usartdriver.o(.bss)
    usart1_rec_queue                         0x200007a0   Data          20  usartdriver.o(.bss)
    usart1_send_queue                        0x200007b4   Data          20  usartdriver.o(.bss)
    usart2_rec_queue                         0x200007c8   Data          20  usartdriver.o(.bss)
    usart2_send_queue                        0x200007dc   Data          20  usartdriver.o(.bss)
    usart3_rec_queue                         0x200007f0   Data          20  usartdriver.o(.bss)
    usart3_send_queue                        0x20000804   Data          20  usartdriver.o(.bss)
    .bss                                     0x20000818   Section     1804  usertask.o(.bss)
    m_mavlink_status                         0x20000818   Data          48  usertask.o(.bss)
    m_mavlink_buffer                         0x20000848   Data        1088  usertask.o(.bss)
    system_flag                              0x20000d44   Data          12  usertask.o(.bss)
    .bss                                     0x20000f24   Section    11264  heap_4.o(.bss)
    ucHeap                                   0x20000f24   Data       11264  heap_4.o(.bss)
    .bss                                     0x20003b24   Section      240  tasks.o(.bss)
    pxReadyTasksLists                        0x20003b24   Data         140  tasks.o(.bss)
    xDelayedTaskList1                        0x20003bb0   Data          20  tasks.o(.bss)
    xDelayedTaskList2                        0x20003bc4   Data          20  tasks.o(.bss)
    xPendingReadyList                        0x20003bd8   Data          20  tasks.o(.bss)
    xTasksWaitingTermination                 0x20003bec   Data          20  tasks.o(.bss)
    xSuspendedTaskList                       0x20003c00   Data          20  tasks.o(.bss)
    .bss                                     0x20003c18   Section       32  stm32f1xx_hal_flash.o(.bss)
    STACK                                    0x20003c38   Section     1024  startup_stm32f103xb.o(STACK)

    Global Symbols

    Symbol Name                              Value     Ov Type        Size  Object(Section)

    BuildAttributes$$THM_ISAv4$P$D$K$B$S$PE$A:L22UL41UL21$X:L11$S22US41US21$IEEE1$IW$USESV6$~STKCKD$USESV7$~SHL$OTIME$ROPI$EBA8$MICROLIB$REQ8$PRES8$EABIv2 0x00000000   Number         0  anon$$obj.o ABSOLUTE
    __ARM_use_no_argv                        0x00000000   Number         0  main.o ABSOLUTE
    _printf_a                                0x00000000   Number         0  stubs.o ABSOLUTE
    _printf_c                                0x00000000   Number         0  stubs.o ABSOLUTE
    _printf_charcount                        0x00000000   Number         0  stubs.o ABSOLUTE
    _printf_d                                0x00000000   Number         0  stubs.o ABSOLUTE
    _printf_e                                0x00000000   Number         0  stubs.o ABSOLUTE
    _printf_f                                0x00000000   Number         0  stubs.o ABSOLUTE
    _printf_flags                            0x00000000   Number         0  stubs.o ABSOLUTE
    _printf_fp_dec                           0x00000000   Number         0  stubs.o ABSOLUTE
    _printf_fp_hex                           0x00000000   Number         0  stubs.o ABSOLUTE
    _printf_g                                0x00000000   Number         0  stubs.o ABSOLUTE
    _printf_i                                0x00000000   Number         0  stubs.o ABSOLUTE
    _printf_int_dec                          0x00000000   Number         0  stubs.o ABSOLUTE
    _printf_l                                0x00000000   Number         0  stubs.o ABSOLUTE
    _printf_lc                               0x00000000   Number         0  stubs.o ABSOLUTE
    _printf_ll                               0x00000000   Number         0  stubs.o ABSOLUTE
    _printf_lld                              0x00000000   Number         0  stubs.o ABSOLUTE
    _printf_lli                              0x00000000   Number         0  stubs.o ABSOLUTE
    _printf_llo                              0x00000000   Number         0  stubs.o ABSOLUTE
    _printf_llu                              0x00000000   Number         0  stubs.o ABSOLUTE
    _printf_llx                              0x00000000   Number         0  stubs.o ABSOLUTE
    _printf_longlong_dec                     0x00000000   Number         0  stubs.o ABSOLUTE
    _printf_longlong_hex                     0x00000000   Number         0  stubs.o ABSOLUTE
    _printf_longlong_oct                     0x00000000   Number         0  stubs.o ABSOLUTE
    _printf_ls                               0x00000000   Number         0  stubs.o ABSOLUTE
    _printf_mbtowc                           0x00000000   Number         0  stubs.o ABSOLUTE
    _printf_n                                0x00000000   Number         0  stubs.o ABSOLUTE
    _printf_o                                0x00000000   Number         0  stubs.o ABSOLUTE
    _printf_p                                0x00000000   Number         0  stubs.o ABSOLUTE
    _printf_percent                          0x00000000   Number         0  stubs.o ABSOLUTE
    _printf_pre_padding                      0x00000000   Number         0  stubs.o ABSOLUTE
    _printf_return_value                     0x00000000   Number         0  stubs.o ABSOLUTE
    _printf_s                                0x00000000   Number         0  stubs.o ABSOLUTE
    _printf_sizespec                         0x00000000   Number         0  stubs.o ABSOLUTE
    _printf_str                              0x00000000   Number         0  stubs.o ABSOLUTE
    _printf_truncate_signed                  0x00000000   Number         0  stubs.o ABSOLUTE
    _printf_truncate_unsigned                0x00000000   Number         0  stubs.o ABSOLUTE
    _printf_u                                0x00000000   Number         0  stubs.o ABSOLUTE
    _printf_wc                               0x00000000   Number         0  stubs.o ABSOLUTE
    _printf_wctomb                           0x00000000   Number         0  stubs.o ABSOLUTE
    _printf_widthprec                        0x00000000   Number         0  stubs.o ABSOLUTE
    _printf_x                                0x00000000   Number         0  stubs.o ABSOLUTE
    __cpp_initialize__aeabi_                  - Undefined Weak Reference
    __cxa_finalize                            - Undefined Weak Reference
    __decompress                              - Undefined Weak Reference
    _clock_init                               - Undefined Weak Reference
    _microlib_exit                            - Undefined Weak Reference
    __Vectors_Size                           0x000000ec   Number         0  startup_stm32f103xb.o ABSOLUTE
    __Vectors                                0x08000000   Data           4  startup_stm32f103xb.o(RESET)
    __Vectors_End                            0x080000ec   Data           0  startup_stm32f103xb.o(RESET)
    __main                                   0x080000ed   Thumb Code     0  entry.o(.ARM.Collect$$$$00000000)
    _main_stk                                0x080000ed   Thumb Code     0  entry2.o(.ARM.Collect$$$$00000001)
    _main_scatterload                        0x080000f1   Thumb Code     0  entry5.o(.ARM.Collect$$$$00000004)
    __main_after_scatterload                 0x080000f5   Thumb Code     0  entry5.o(.ARM.Collect$$$$00000004)
    _main_clock                              0x080000f5   Thumb Code     0  entry7b.o(.ARM.Collect$$$$00000008)
    _main_cpp_init                           0x080000f5   Thumb Code     0  entry8b.o(.ARM.Collect$$$$0000000A)
    _main_init                               0x080000f5   Thumb Code     0  entry9a.o(.ARM.Collect$$$$0000000B)
    __rt_final_cpp                           0x080000fd   Thumb Code     0  entry10a.o(.ARM.Collect$$$$0000000D)
    __rt_final_exit                          0x080000fd   Thumb Code     0  entry11a.o(.ARM.Collect$$$$0000000F)
    SVC_Handler                              0x08000101   Thumb Code    32  port.o(.emb_text)
    __asm___6_port_c_39a90d8d__prvStartFirstTask 0x08000125   Thumb Code    28  port.o(.emb_text)
    PendSV_Handler                           0x08000145   Thumb Code    72  port.o(.emb_text)
    vPortGetIPSR                             0x08000191   Thumb Code     6  port.o(.emb_text)
    Reset_Handler                            0x08000199   Thumb Code     8  startup_stm32f103xb.o(.text)
    ADC1_2_IRQHandler                        0x080001b3   Thumb Code     0  startup_stm32f103xb.o(.text)
    CAN1_RX1_IRQHandler                      0x080001b3   Thumb Code     0  startup_stm32f103xb.o(.text)
    CAN1_SCE_IRQHandler                      0x080001b3   Thumb Code     0  startup_stm32f103xb.o(.text)
    DMA1_Channel1_IRQHandler                 0x080001b3   Thumb Code     0  startup_stm32f103xb.o(.text)
    DMA1_Channel2_IRQHandler                 0x080001b3   Thumb Code     0  startup_stm32f103xb.o(.text)
    DMA1_Channel3_IRQHandler                 0x080001b3   Thumb Code     0  startup_stm32f103xb.o(.text)
    DMA1_Channel5_IRQHandler                 0x080001b3   Thumb Code     0  startup_stm32f103xb.o(.text)
    DMA1_Channel6_IRQHandler                 0x080001b3   Thumb Code     0  startup_stm32f103xb.o(.text)
    EXTI15_10_IRQHandler                     0x080001b3   Thumb Code     0  startup_stm32f103xb.o(.text)
    EXTI2_IRQHandler                         0x080001b3   Thumb Code     0  startup_stm32f103xb.o(.text)
    EXTI3_IRQHandler                         0x080001b3   Thumb Code     0  startup_stm32f103xb.o(.text)
    EXTI4_IRQHandler                         0x080001b3   Thumb Code     0  startup_stm32f103xb.o(.text)
    EXTI9_5_IRQHandler                       0x080001b3   Thumb Code     0  startup_stm32f103xb.o(.text)
    FLASH_IRQHandler                         0x080001b3   Thumb Code     0  startup_stm32f103xb.o(.text)
    I2C1_ER_IRQHandler                       0x080001b3   Thumb Code     0  startup_stm32f103xb.o(.text)
    I2C1_EV_IRQHandler                       0x080001b3   Thumb Code     0  startup_stm32f103xb.o(.text)
    I2C2_ER_IRQHandler                       0x080001b3   Thumb Code     0  startup_stm32f103xb.o(.text)
    I2C2_EV_IRQHandler                       0x080001b3   Thumb Code     0  startup_stm32f103xb.o(.text)
    PVD_IRQHandler                           0x080001b3   Thumb Code     0  startup_stm32f103xb.o(.text)
    RCC_IRQHandler                           0x080001b3   Thumb Code     0  startup_stm32f103xb.o(.text)
    RTC_Alarm_IRQHandler                     0x080001b3   Thumb Code     0  startup_stm32f103xb.o(.text)
    RTC_IRQHandler                           0x080001b3   Thumb Code     0  startup_stm32f103xb.o(.text)
    SPI1_IRQHandler                          0x080001b3   Thumb Code     0  startup_stm32f103xb.o(.text)
    SPI2_IRQHandler                          0x080001b3   Thumb Code     0  startup_stm32f103xb.o(.text)
    TAMPER_IRQHandler                        0x080001b3   Thumb Code     0  startup_stm32f103xb.o(.text)
    TIM1_BRK_IRQHandler                      0x080001b3   Thumb Code     0  startup_stm32f103xb.o(.text)
    TIM1_CC_IRQHandler                       0x080001b3   Thumb Code     0  startup_stm32f103xb.o(.text)
    TIM1_TRG_COM_IRQHandler                  0x080001b3   Thumb Code     0  startup_stm32f103xb.o(.text)
    TIM1_UP_IRQHandler                       0x080001b3   Thumb Code     0  startup_stm32f103xb.o(.text)
    TIM2_IRQHandler                          0x080001b3   Thumb Code     0  startup_stm32f103xb.o(.text)
    TIM3_IRQHandler                          0x080001b3   Thumb Code     0  startup_stm32f103xb.o(.text)
    TIM4_IRQHandler                          0x080001b3   Thumb Code     0  startup_stm32f103xb.o(.text)
    USART3_IRQHandler                        0x080001b3   Thumb Code     0  startup_stm32f103xb.o(.text)
    USBWakeUp_IRQHandler                     0x080001b3   Thumb Code     0  startup_stm32f103xb.o(.text)
    USB_HP_CAN1_TX_IRQHandler                0x080001b3   Thumb Code     0  startup_stm32f103xb.o(.text)
    USB_LP_CAN1_RX0_IRQHandler               0x080001b3   Thumb Code     0  startup_stm32f103xb.o(.text)
    WWDG_IRQHandler                          0x080001b3   Thumb Code     0  startup_stm32f103xb.o(.text)
    __aeabi_llsr                             0x080001bd   Thumb Code    32  llushr.o(.text)
    _ll_ushift_r                             0x080001bd   Thumb Code     0  llushr.o(.text)
    __aeabi_memcpy                           0x080001dd   Thumb Code    36  memcpya.o(.text)
    __aeabi_memcpy4                          0x080001dd   Thumb Code     0  memcpya.o(.text)
    __aeabi_memcpy8                          0x080001dd   Thumb Code     0  memcpya.o(.text)
    __aeabi_memset                           0x08000201   Thumb Code    14  memseta.o(.text)
    __aeabi_memset4                          0x08000201   Thumb Code     0  memseta.o(.text)
    __aeabi_memset8                          0x08000201   Thumb Code     0  memseta.o(.text)
    __aeabi_memclr                           0x0800020f   Thumb Code     4  memseta.o(.text)
    __aeabi_memclr4                          0x0800020f   Thumb Code     0  memseta.o(.text)
    __aeabi_memclr8                          0x0800020f   Thumb Code     0  memseta.o(.text)
    _memset$wrapper                          0x08000213   Thumb Code    18  memseta.o(.text)
    strlen                                   0x08000225   Thumb Code    14  strlen.o(.text)
    strcmp                                   0x08000233   Thumb Code    28  strcmp.o(.text)
    strcpy                                   0x0800024f   Thumb Code    18  strcpy.o(.text)
    __aeabi_dadd                             0x08000261   Thumb Code   322  dadd.o(.text)
    __aeabi_dsub                             0x080003a3   Thumb Code     6  dadd.o(.text)
    __aeabi_drsub                            0x080003a9   Thumb Code     6  dadd.o(.text)
    __aeabi_dmul                             0x080003af   Thumb Code   228  dmul.o(.text)
    __aeabi_ddiv                             0x08000493   Thumb Code   222  ddiv.o(.text)
    __aeabi_ui2f                             0x08000571   Thumb Code    10  ffltui.o(.text)
    __aeabi_i2d                              0x0800057b   Thumb Code    34  dflti.o(.text)
    __aeabi_ui2d                             0x0800059d   Thumb Code    26  dfltui.o(.text)
    __aeabi_f2iz                             0x080005b7   Thumb Code    50  ffixi.o(.text)
    __aeabi_d2uiz                            0x080005e9   Thumb Code    50  dfixui.o(.text)
    __aeabi_f2d                              0x0800061b   Thumb Code    38  f2d.o(.text)
    __aeabi_cdcmpeq                          0x08000641   Thumb Code     0  cdcmple.o(.text)
    __aeabi_cdcmple                          0x08000641   Thumb Code    48  cdcmple.o(.text)
    __aeabi_d2f                              0x08000671   Thumb Code    56  d2f.o(.text)
    __aeabi_cfcmpeq                          0x080006a9   Thumb Code     0  cfcmple.o(.text)
    __aeabi_cfcmple                          0x080006a9   Thumb Code    20  cfcmple.o(.text)
    __aeabi_cfrcmple                         0x080006bd   Thumb Code    20  cfrcmple.o(.text)
    __aeabi_llsl                             0x080006d1   Thumb Code    30  llshl.o(.text)
    _ll_shift_l                              0x080006d1   Thumb Code     0  llshl.o(.text)
    __aeabi_lasr                             0x080006ef   Thumb Code    36  llsshr.o(.text)
    _ll_sshift_r                             0x080006ef   Thumb Code     0  llsshr.o(.text)
    __I$use$fp                               0x08000713   Thumb Code     0  iusefp.o(.text)
    _float_round                             0x08000713   Thumb Code    18  fepilogue.o(.text)
    _float_epilogue                          0x08000725   Thumb Code    92  fepilogue.o(.text)
    _double_round                            0x08000781   Thumb Code    30  depilogue.o(.text)
    _double_epilogue                         0x0800079f   Thumb Code   156  depilogue.o(.text)
    __scatterload                            0x0800083d   Thumb Code    28  init.o(.text)
    __scatterload_rt2                        0x0800083d   Thumb Code     0  init.o(.text)
    ADC_ConversionStop_Disable               0x08000861   Thumb Code    76  stm32f1xx_hal_adc.o(i.ADC_ConversionStop_Disable)
    BusFault_Handler                         0x080008ad   Thumb Code     2  stm32f1xx_it.o(i.BusFault_Handler)
    DMA1_Channel4_IRQHandler                 0x080008b1   Thumb Code     6  stm32f1xx_it.o(i.DMA1_Channel4_IRQHandler)
    DMA1_Channel7_IRQHandler                 0x080008bd   Thumb Code     6  stm32f1xx_it.o(i.DMA1_Channel7_IRQHandler)
    DebugMon_Handler                         0x080008f3   Thumb Code     2  stm32f1xx_it.o(i.DebugMon_Handler)
    EXTI0_IRQHandler                         0x080008f5   Thumb Code    68  stm32f1xx_it.o(i.EXTI0_IRQHandler)
    EXTI1_IRQHandler                         0x08000941   Thumb Code    68  stm32f1xx_it.o(i.EXTI1_IRQHandler)
    FLASH_PageErase                          0x080009b1   Thumb Code    28  stm32f1xx_hal_flash_ex.o(i.FLASH_PageErase)
    FLASH_WaitForLastOperation               0x08000a4d   Thumb Code    80  stm32f1xx_hal_flash.o(i.FLASH_WaitForLastOperation)
    HAL_ADC_ConfigChannel                    0x08000aa1   Thumb Code   240  stm32f1xx_hal_adc.o(i.HAL_ADC_ConfigChannel)
    HAL_ADC_Init                             0x08000b9d   Thumb Code   272  stm32f1xx_hal_adc.o(i.HAL_ADC_Init)
    HAL_ADC_MspInit                          0x08000cb9   Thumb Code    30  stm32f1xx_hal_msp.o(i.HAL_ADC_MspInit)
    HAL_DMA_Abort_IT                         0x08000ce1   Thumb Code   148  stm32f1xx_hal_dma.o(i.HAL_DMA_Abort_IT)
    HAL_DMA_IRQHandler                       0x08000d79   Thumb Code   316  stm32f1xx_hal_dma.o(i.HAL_DMA_IRQHandler)
    HAL_DMA_Init                             0x08000ecd   Thumb Code    92  stm32f1xx_hal_dma.o(i.HAL_DMA_Init)
    HAL_DMA_Start_IT                         0x08000f31   Thumb Code   112  stm32f1xx_hal_dma.o(i.HAL_DMA_Start_IT)
    HAL_FLASHEx_Erase                        0x08000fa1   Thumb Code   160  stm32f1xx_hal_flash_ex.o(i.HAL_FLASHEx_Erase)
    HAL_FLASH_Lock                           0x08001049   Thumb Code    14  stm32f1xx_hal_flash.o(i.HAL_FLASH_Lock)
    HAL_FLASH_Program                        0x0800105d   Thumb Code   120  stm32f1xx_hal_flash.o(i.HAL_FLASH_Program)
    HAL_FLASH_Unlock                         0x080010dd   Thumb Code    28  stm32f1xx_hal_flash.o(i.HAL_FLASH_Unlock)
    HAL_GPIO_EXTI_Callback                   0x08001105   Thumb Code     2  stm32f1xx_hal_gpio.o(i.HAL_GPIO_EXTI_Callback)
    HAL_GPIO_EXTI_IRQHandler                 0x08001109   Thumb Code    18  stm32f1xx_hal_gpio.o(i.HAL_GPIO_EXTI_IRQHandler)
    HAL_GPIO_Init                            0x08001121   Thumb Code   408  stm32f1xx_hal_gpio.o(i.HAL_GPIO_Init)
    HAL_GPIO_ReadPin                         0x080012dd   Thumb Code    10  stm32f1xx_hal_gpio.o(i.HAL_GPIO_ReadPin)
    HAL_GPIO_WritePin                        0x080012e7   Thumb Code    10  stm32f1xx_hal_gpio.o(i.HAL_GPIO_WritePin)
    HAL_GetTick                              0x080012f1   Thumb Code     6  stm32f1xx_hal.o(i.HAL_GetTick)
    HAL_IWDG_Init                            0x080012fd   Thumb Code    82  stm32f1xx_hal_iwdg.o(i.HAL_IWDG_Init)
    HAL_IWDG_Refresh                         0x0800134f   Thumb Code    12  stm32f1xx_hal_iwdg.o(i.HAL_IWDG_Refresh)
    HAL_IncTick                              0x0800135d   Thumb Code    12  stm32f1xx_hal.o(i.HAL_IncTick)
    HAL_Init                                 0x0800136d   Thumb Code    32  stm32f1xx_hal.o(i.HAL_Init)
    HAL_InitTick                             0x08001391   Thumb Code    54  stm32f1xx_hal.o(i.HAL_InitTick)
    HAL_MspInit                              0x080013d1   Thumb Code   118  stm32f1xx_hal_msp.o(i.HAL_MspInit)
    HAL_NVIC_EnableIRQ                       0x08001451   Thumb Code    22  stm32f1xx_hal_cortex.o(i.HAL_NVIC_EnableIRQ)
    HAL_NVIC_SetPriority                     0x08001469   Thumb Code    60  stm32f1xx_hal_cortex.o(i.HAL_NVIC_SetPriority)
    HAL_NVIC_SetPriorityGrouping             0x080014a9   Thumb Code    26  stm32f1xx_hal_cortex.o(i.HAL_NVIC_SetPriorityGrouping)
    HAL_RCCEx_PeriphCLKConfig                0x080014cd   Thumb Code   224  stm32f1xx_hal_rcc_ex.o(i.HAL_RCCEx_PeriphCLKConfig)
    HAL_RCC_ClockConfig                      0x080015b9   Thumb Code   322  stm32f1xx_hal_rcc.o(i.HAL_RCC_ClockConfig)
    HAL_RCC_GetHCLKFreq                      0x0800170d   Thumb Code     6  stm32f1xx_hal_rcc.o(i.HAL_RCC_GetHCLKFreq)
    HAL_RCC_GetPCLK1Freq                     0x08001719   Thumb Code    20  stm32f1xx_hal_rcc.o(i.HAL_RCC_GetPCLK1Freq)
    HAL_RCC_GetPCLK2Freq                     0x08001739   Thumb Code    20  stm32f1xx_hal_rcc.o(i.HAL_RCC_GetPCLK2Freq)
    HAL_RCC_GetSysClockFreq                  0x08001759   Thumb Code    74  stm32f1xx_hal_rcc.o(i.HAL_RCC_GetSysClockFreq)
    HAL_RCC_OscConfig                        0x080017c5   Thumb Code   750  stm32f1xx_hal_rcc.o(i.HAL_RCC_OscConfig)
    HAL_SYSTICK_CLKSourceConfig              0x08001ac9   Thumb Code    24  stm32f1xx_hal_cortex.o(i.HAL_SYSTICK_CLKSourceConfig)
    HAL_SYSTICK_Config                       0x08001ae1   Thumb Code    40  stm32f1xx_hal_cortex.o(i.HAL_SYSTICK_Config)
    HAL_UART_ErrorCallback                   0x08001b09   Thumb Code     2  stm32f1xx_hal_uart.o(i.HAL_UART_ErrorCallback)
    HAL_UART_IRQHandler                      0x08001b0d   Thumb Code   266  stm32f1xx_hal_uart.o(i.HAL_UART_IRQHandler)
    HAL_UART_Init                            0x08001c1d   Thumb Code    98  stm32f1xx_hal_uart.o(i.HAL_UART_Init)
    HAL_UART_MspInit                         0x08001c81   Thumb Code   226  stm32f1xx_hal_msp.o(i.HAL_UART_MspInit)
    HAL_UART_RxCpltCallback                  0x08001d9d   Thumb Code     2  stm32f1xx_hal_uart.o(i.HAL_UART_RxCpltCallback)
    HAL_UART_Transmit_DMA                    0x08001da1   Thumb Code   114  stm32f1xx_hal_uart.o(i.HAL_UART_Transmit_DMA)
    HAL_UART_TxCpltCallback                  0x08001e21   Thumb Code     2  stm32f1xx_hal_uart.o(i.HAL_UART_TxCpltCallback)
    HAL_UART_TxHalfCpltCallback              0x08001e23   Thumb Code     2  stm32f1xx_hal_uart.o(i.HAL_UART_TxHalfCpltCallback)
    HardFault_Handler                        0x08001e25   Thumb Code     2  stm32f1xx_it.o(i.HardFault_Handler)
    IIC_Start                                0x08001e29   Thumb Code    48  oled.o(i.IIC_Start)
    IIC_Stop                                 0x08001e5d   Thumb Code    38  oled.o(i.IIC_Stop)
    IIC_Wait_Ack                             0x08001e89   Thumb Code    28  oled.o(i.IIC_Wait_Ack)
    MemManage_Handler                        0x08002017   Thumb Code     2  stm32f1xx_it.o(i.MemManage_Handler)
    NMI_Handler                              0x08002019   Thumb Code     2  stm32f1xx_it.o(i.NMI_Handler)
    OLED_Clear                               0x0800203b   Thumb Code    58  oled.o(i.OLED_Clear)
    OLED_Clear_Area                          0x08002075   Thumb Code    66  oled.o(i.OLED_Clear_Area)
    OLED_DrawBMP                             0x080020b7   Thumb Code    64  oled.o(i.OLED_DrawBMP)
    OLED_Init                                0x080020f9   Thumb Code   266  oled.o(i.OLED_Init)
    OLED_Set_Pos                             0x08002209   Thumb Code    42  oled.o(i.OLED_Set_Pos)
    OLED_ShowChar                            0x08002235   Thumb Code   128  oled.o(i.OLED_ShowChar)
    OLED_ShowString                          0x080022bd   Thumb Code    54  oled.o(i.OLED_ShowString)
    OLED_WR_Byte                             0x080022f3   Thumb Code    12  oled.o(i.OLED_WR_Byte)
    OLED_set_area                            0x080022ff   Thumb Code    66  oled.o(i.OLED_set_area)
    SysTick_Handler                          0x08002341   Thumb Code    14  stm32f1xx_it.o(i.SysTick_Handler)
    SystemClock_Config                       0x0800234f   Thumb Code   128  main.o(i.SystemClock_Config)
    SystemInit                               0x080023d1   Thumb Code    56  system_stm32f1xx.o(i.SystemInit)
    USART1_IRQHandler                        0x08002761   Thumb Code     6  stm32f1xx_it.o(i.USART1_IRQHandler)
    USART2_IRQHandler                        0x0800276d   Thumb Code     6  stm32f1xx_it.o(i.USART2_IRQHandler)
    UsageFault_Handler                       0x08002779   Thumb Code     2  stm32f1xx_it.o(i.UsageFault_Handler)
    Write_IIC_Byte                           0x0800277d   Thumb Code    76  oled.o(i.Write_IIC_Byte)
    Write_IIC_Command                        0x080027cd   Thumb Code    46  oled.o(i.Write_IIC_Command)
    Write_IIC_Data                           0x080027fb   Thumb Code    46  oled.o(i.Write_IIC_Data)
    _Error_Handler                           0x08002829   Thumb Code     2  main.o(i._Error_Handler)
    __scatterload_copy                       0x0800282b   Thumb Code    14  handlers.o(i.__scatterload_copy)
    __scatterload_null                       0x08002839   Thumb Code     2  handlers.o(i.__scatterload_null)
    __scatterload_zeroinit                   0x0800283b   Thumb Code    14  handlers.o(i.__scatterload_zeroinit)
    app_run                                  0x08002911   Thumb Code   378  usertask.o(i.app_run)
    beep_task                                0x08002c31   Thumb Code    22  usertask.o(i.beep_task)
    button_event_task                        0x08002c4d   Thumb Code   424  usertask.o(i.button_event_task)
    button_exti_callback                     0x08002dfd   Thumb Code    44  hardwareconfig.o(i.button_exti_callback)
    clearLoopQueue                           0x08002e29   Thumb Code    20  loopqueue.o(i.clearLoopQueue)
    copy_string                              0x08002e79   Thumb Code    26  oled_display.o(i.copy_string)
    display_logo                             0x08002fdd   Thumb Code    20  oled_display.o(i.display_logo)
    display_north                            0x08002ff5   Thumb Code    28  oled_display.o(i.display_north)
    display_string_Font8_16                  0x08003015   Thumb Code     6  oled_display.o(i.display_string_Font8_16)
    display_title                            0x0800301d   Thumb Code    12  oled_display.o(i.display_title)
    feed_dog_task                            0x08003035   Thumb Code    14  usertask.o(i.feed_dog_task)
    float_to_string                          0x08003049   Thumb Code   294  oled_display.o(i.float_to_string)
    getUsartRecLoopQueue                     0x0800317d   Thumb Code    34  usartdriver.o(i.getUsartRecLoopQueue)
    getUsartSendLoopQueue                    0x080031a5   Thumb Code    34  usartdriver.o(i.getUsartSendLoopQueue)
    get_button_by_id                         0x080031cd   Thumb Code    20  hardwareconfig.o(i.get_button_by_id)
    initCharLoopQueue                        0x080032e5   Thumb Code    44  loopqueue.o(i.initCharLoopQueue)
    initUsartBuff                            0x08003311   Thumb Code   112  usartdriver.o(i.initUsartBuff)
    initUsartIT                              0x08003391   Thumb Code    50  usertask.o(i.initUsartIT)
    init_button                              0x080033c3   Thumb Code    26  buttondriver.o(i.init_button)
    init_hardware                            0x080033dd   Thumb Code    28  usertask.o(i.init_hardware)
    init_system_button                       0x08003401   Thumb Code    24  hardwareconfig.o(i.init_system_button)
    insertCharLoopQueue                      0x0800341d   Thumb Code    36  loopqueue.o(i.insertCharLoopQueue)
    int_to_string                            0x08003441   Thumb Code   126  oled_display.o(i.int_to_string)
    loopQueueLength                          0x080034cd   Thumb Code    12  loopqueue.o(i.loopQueueLength)
    main                                     0x080034d9   Thumb Code   138  main.o(i.main)
    osDelay                                  0x08003d19   Thumb Code    14  cmsis_os.o(i.osDelay)
    osKernelStart                            0x08003d27   Thumb Code    10  cmsis_os.o(i.osKernelStart)
    osSystickHandler                         0x08003d31   Thumb Code    20  cmsis_os.o(i.osSystickHandler)
    osThreadCreate                           0x08003d45   Thumb Code    46  cmsis_os.o(i.osThreadCreate)
    pvPortMalloc                             0x080041e9   Thumb Code   210  heap_4.o(i.pvPortMalloc)
    pvTaskIncrementMutexHeldCount            0x080042c1   Thumb Code    18  tasks.o(i.pvTaskIncrementMutexHeldCount)
    pxPortInitialiseStack                    0x080042d9   Thumb Code    32  port.o(i.pxPortInitialiseStack)
    read                                     0x080042fd   Thumb Code   140  usartdriver.o(i.read)
    readCharLoopQueue                        0x0800438d   Thumb Code    36  loopqueue.o(i.readCharLoopQueue)
    read_button_pin_satus                    0x080043b1   Thumb Code    24  hardwareconfig.o(i.read_button_pin_satus)
    rgb_led_task                             0x080043cd   Thumb Code   122  usertask.o(i.rgb_led_task)
    run_led_task                             0x080046f9   Thumb Code   202  usertask.o(i.run_led_task)
    update_oled_task                         0x08004a69   Thumb Code  3320  usertask.o(i.update_oled_task)
    usart1_rec_task                          0x08005771   Thumb Code    60  usertask.o(i.usart1_rec_task)
    usart1_send_task                         0x080057ad   Thumb Code   408  usertask.o(i.usart1_send_task)
    usartClearRxBuff                         0x0800594d   Thumb Code    16  usartdriver.o(i.usartClearRxBuff)
    usartClearTxBuff                         0x08005961   Thumb Code    16  usartdriver.o(i.usartClearTxBuff)
    usart_send                               0x08005975   Thumb Code    64  usertask.o(i.usart_send)
    uxListRemove                             0x080059b9   Thumb Code    36  list.o(i.uxListRemove)
    vListInitialise                          0x080059dd   Thumb Code    22  list.o(i.vListInitialise)
    vListInitialiseItem                      0x080059f3   Thumb Code     6  list.o(i.vListInitialiseItem)
    vListInsert                              0x080059f9   Thumb Code    48  list.o(i.vListInsert)
    vListInsertEnd                           0x08005a29   Thumb Code    24  list.o(i.vListInsertEnd)
    vPortEnterCritical                       0x08005a41   Thumb Code    54  port.o(i.vPortEnterCritical)
    vPortExitCritical                        0x08005a81   Thumb Code    34  port.o(i.vPortExitCritical)
    vPortFree                                0x08005aa9   Thumb Code    88  heap_4.o(i.vPortFree)
    vPortSetupTimerInterrupt                 0x08005b05   Thumb Code    26  port.o(i.vPortSetupTimerInterrupt)
    vPortValidateInterruptPriority           0x08005b25   Thumb Code    74  port.o(i.vPortValidateInterruptPriority)
    vTaskDelay                               0x08005b79   Thumb Code    66  tasks.o(i.vTaskDelay)
    vTaskMissedYield                         0x08005bc5   Thumb Code     8  tasks.o(i.vTaskMissedYield)
    vTaskPlaceOnEventList                    0x08005bd1   Thumb Code    44  tasks.o(i.vTaskPlaceOnEventList)
    vTaskPriorityInherit                     0x08005c01   Thumb Code   124  tasks.o(i.vTaskPriorityInherit)
    vTaskSetTimeOutState                     0x08005c85   Thumb Code    30  tasks.o(i.vTaskSetTimeOutState)
    vTaskStartScheduler                      0x08005ca9   Thumb Code    86  tasks.o(i.vTaskStartScheduler)
    vTaskSuspendAll                          0x08005d11   Thumb Code    10  tasks.o(i.vTaskSuspendAll)
    vTaskSwitchContext                       0x08005d21   Thumb Code    82  tasks.o(i.vTaskSwitchContext)
    write                                    0x08005e41   Thumb Code    88  usartdriver.o(i.write)
    writeBuffLen                             0x08005e9d   Thumb Code    36  usartdriver.o(i.writeBuffLen)
    xPortStartScheduler                      0x08005ec5   Thumb Code   102  port.o(i.xPortStartScheduler)
    xPortSysTickHandler                      0x08005f39   Thumb Code    38  port.o(i.xPortSysTickHandler)
    xQueueCreateMutex                        0x08005f65   Thumb Code    36  queue.o(i.xQueueCreateMutex)
    xQueueGenericCreate                      0x08005f89   Thumb Code    72  queue.o(i.xQueueGenericCreate)
    xQueueGenericReceive                     0x08005fd1   Thumb Code   360  queue.o(i.xQueueGenericReceive)
    xQueueGenericReset                       0x0800613d   Thumb Code   132  queue.o(i.xQueueGenericReset)
    xQueueGenericSend                        0x080061c5   Thumb Code   346  queue.o(i.xQueueGenericSend)
    xQueueGenericSendFromISR                 0x08006325   Thumb Code   188  queue.o(i.xQueueGenericSendFromISR)
    xTaskCheckForTimeOut                     0x080063e1   Thumb Code   102  tasks.o(i.xTaskCheckForTimeOut)
    xTaskCreate                              0x0800644d   Thumb Code    86  tasks.o(i.xTaskCreate)
    xTaskGetSchedulerState                   0x080064a5   Thumb Code    22  tasks.o(i.xTaskGetSchedulerState)
    xTaskGetTickCount                        0x080064c1   Thumb Code     6  tasks.o(i.xTaskGetTickCount)
    xTaskIncrementTick                       0x080064cd   Thumb Code   192  tasks.o(i.xTaskIncrementTick)
    xTaskPriorityDisinherit                  0x08006595   Thumb Code   144  tasks.o(i.xTaskPriorityDisinherit)
    xTaskRemoveFromEventList                 0x0800662d   Thumb Code   108  tasks.o(i.xTaskRemoveFromEventList)
    xTaskResumeAll                           0x080066a1   Thumb Code   182  tasks.o(i.xTaskResumeAll)
    F6x8                                     0x08006764   Data         552  oled.o(.constdata)
    F8X16                                    0x0800698c   Data        1520  oled.o(.constdata)
    powerValueBmp                            0x08006f7c   Data         640  oled.o(.constdata)
    radioBmp                                 0x080071fc   Data          64  oled.o(.constdata)
    logBmp                                   0x0800723c   Data         288  oled_display.o(.constdata)
    fuhao_8_16                               0x0800735c   Data         160  oled_display.o(.constdata)
    fuhao_6_8                                0x080073fc   Data          12  oled_display.o(.constdata)
    north_image                              0x08007408   Data          16  oled_display.o(.constdata)
    baudrate_array                           0x08007418   Data          52  usertask.o(.constdata)
    AHBPrescTable                            0x080075ec   Data          16  system_stm32f1xx.o(.constdata)
    APBPrescTable                            0x080075fc   Data           8  system_stm32f1xx.o(.constdata)
    Region$$Table$$Base                      0x08007674   Number         0  anon$$obj.o(Region$$Table)
    Region$$Table$$Limit                     0x08007694   Number         0  anon$$obj.o(Region$$Table)
    gcs_mavlink_system                       0x2000000e   Data           2  usertask.o(.data)
    run_led_task_handle                      0x2000001c   Data           4  usertask.o(.data)
    beep_task_handle                         0x20000020   Data           4  usertask.o(.data)
    feed_dog_task_handle                     0x20000024   Data           4  usertask.o(.data)
    usart3_send_mutex                        0x20000028   Data           4  usertask.o(.data)
    usart1_send_mutex                        0x2000002c   Data           4  usertask.o(.data)
    button_event_queue                       0x20000030   Data           4  usertask.o(.data)
    droneMagCalPro                           0x20000034   Data           5  usertask.o(.data)
    droneIMU                                 0x2000003a   Data           6  usertask.o(.data)
    droneWind                                0x20000040   Data           8  usertask.o(.data)
    rangefinder                              0x20000048   Data           8  usertask.o(.data)
    pxCurrentTCB                             0x20000074   Data           4  tasks.o(.data)
    uwTickFreq                               0x200000b0   Data           1  stm32f1xx_hal.o(.data)
    uwTickPrio                               0x200000b4   Data           4  stm32f1xx_hal.o(.data)
    uwTick                                   0x200000b8   Data           4  stm32f1xx_hal.o(.data)
    SystemCoreClock                          0x200000bc   Data           4  system_stm32f1xx.o(.data)
    huart2                                   0x200000c0   Data          64  main.o(.bss)
    hdma_usart1_tx                           0x20000100   Data          68  main.o(.bss)
    hdma_usart2_tx                           0x20000144   Data          68  main.o(.bss)
    hiwdg                                    0x20000c88   Data          12  usertask.o(.bss)
    huart1                                   0x20000c94   Data          64  usertask.o(.bss)
    huart3                                   0x20000cd4   Data          64  usertask.o(.bss)
    hadc1                                    0x20000d14   Data          48  usertask.o(.bss)
    droneMagStatus                           0x20000d50   Data          12  usertask.o(.bss)
    droneCompassOff                          0x20000d5c   Data          24  usertask.o(.bss)
    droneHeatbeat                            0x20000d74   Data          12  usertask.o(.bss)
    droneSysStatus                           0x20000d80   Data          20  usertask.o(.bss)
    droneVfr                                 0x20000d94   Data          20  usertask.o(.bss)
    droneVibe                                0x20000da8   Data          12  usertask.o(.bss)
    droneGPSRawData                          0x20000db4   Data          20  usertask.o(.bss)
    droneGPS2RawData                         0x20000dc8   Data          24  usertask.o(.bss)
    droneAtt                                 0x20000de0   Data          12  usertask.o(.bss)
    magCalReport                             0x20000dec   Data          44  usertask.o(.bss)
    cameraFeedback                           0x20000e18   Data          48  usertask.o(.bss)
    statusText                               0x20000e48   Data          51  usertask.o(.bss)
    droneData                                0x20000e7c   Data          36  usertask.o(.bss)
    droneImuPro                              0x20000ea0   Data          16  usertask.o(.bss)
    droneVibePro                             0x20000eb0   Data          56  usertask.o(.bss)
    droneInfo                                0x20000ee8   Data          48  usertask.o(.bss)
    droneCurrent                             0x20000f18   Data          12  usertask.o(.bss)
    pFlash                                   0x20003c18   Data          32  stm32f1xx_hal_flash.o(.bss)
    __initial_sp                             0x20004038   Data           0  startup_stm32f103xb.o(STACK)



==============================================================================

Memory Map of the image

  Image Entry point : 0x080000ed

  Load Region LR_IROM1 (Base: 0x08000000, Size: 0x00007754, Max: 0x00010000, ABSOLUTE)

    Execution Region ER_IROM1 (Base: 0x08000000, Size: 0x00007694, Max: 0x00010000, ABSOLUTE)

    Base Addr    Size         Type   Attr      Idx    E Section Name        Object

    0x08000000   0x000000ec   Data   RO            3    RESET               startup_stm32f103xb.o
    0x080000ec   0x00000000   Code   RO         4524  * .ARM.Collect$$$$00000000  mc_w.l(entry.o)
    0x080000ec   0x00000004   Code   RO         4830    .ARM.Collect$$$$00000001  mc_w.l(entry2.o)
    0x080000f0   0x00000004   Code   RO         4833    .ARM.Collect$$$$00000004  mc_w.l(entry5.o)
    0x080000f4   0x00000000   Code   RO         4835    .ARM.Collect$$$$00000008  mc_w.l(entry7b.o)
    0x080000f4   0x00000000   Code   RO         4837    .ARM.Collect$$$$0000000A  mc_w.l(entry8b.o)
    0x080000f4   0x00000008   Code   RO         4838    .ARM.Collect$$$$0000000B  mc_w.l(entry9a.o)
    0x080000fc   0x00000000   Code   RO         4840    .ARM.Collect$$$$0000000D  mc_w.l(entry10a.o)
    0x080000fc   0x00000000   Code   RO         4842    .ARM.Collect$$$$0000000F  mc_w.l(entry11a.o)
    0x080000fc   0x00000004   Code   RO         4831    .ARM.Collect$$$$00002712  mc_w.l(entry2.o)
    0x08000100   0x00000096   Code   RO         2296    .emb_text           port.o
    0x08000196   0x00000002   PAD
    0x08000198   0x00000024   Code   RO            4    .text               startup_stm32f103xb.o
    0x080001bc   0x00000020   Code   RO         4527    .text               mc_w.l(llushr.o)
    0x080001dc   0x00000024   Code   RO         4529    .text               mc_w.l(memcpya.o)
    0x08000200   0x00000024   Code   RO         4531    .text               mc_w.l(memseta.o)
    0x08000224   0x0000000e   Code   RO         4533    .text               mc_w.l(strlen.o)
    0x08000232   0x0000001c   Code   RO         4535    .text               mc_w.l(strcmp.o)
    0x0800024e   0x00000012   Code   RO         4537    .text               mc_w.l(strcpy.o)
    0x08000260   0x0000014e   Code   RO         4802    .text               mf_w.l(dadd.o)
    0x080003ae   0x000000e4   Code   RO         4804    .text               mf_w.l(dmul.o)
    0x08000492   0x000000de   Code   RO         4806    .text               mf_w.l(ddiv.o)
    0x08000570   0x0000000a   Code   RO         4810    .text               mf_w.l(ffltui.o)
    0x0800057a   0x00000022   Code   RO         4812    .text               mf_w.l(dflti.o)
    0x0800059c   0x0000001a   Code   RO         4814    .text               mf_w.l(dfltui.o)
    0x080005b6   0x00000032   Code   RO         4816    .text               mf_w.l(ffixi.o)
    0x080005e8   0x00000032   Code   RO         4818    .text               mf_w.l(dfixui.o)
    0x0800061a   0x00000026   Code   RO         4820    .text               mf_w.l(f2d.o)
    0x08000640   0x00000030   Code   RO         4822    .text               mf_w.l(cdcmple.o)
    0x08000670   0x00000038   Code   RO         4824    .text               mf_w.l(d2f.o)
    0x080006a8   0x00000014   Code   RO         4826    .text               mf_w.l(cfcmple.o)
    0x080006bc   0x00000014   Code   RO         4828    .text               mf_w.l(cfrcmple.o)
    0x080006d0   0x0000001e   Code   RO         4851    .text               mc_w.l(llshl.o)
    0x080006ee   0x00000024   Code   RO         4853    .text               mc_w.l(llsshr.o)
    0x08000712   0x00000000   Code   RO         4855    .text               mc_w.l(iusefp.o)
    0x08000712   0x0000006e   Code   RO         4856    .text               mf_w.l(fepilogue.o)
    0x08000780   0x000000ba   Code   RO         4858    .text               mf_w.l(depilogue.o)
    0x0800083a   0x00000002   PAD
    0x0800083c   0x00000024   Code   RO         4864    .text               mc_w.l(init.o)
    0x08000860   0x0000004c   Code   RO         3134    i.ADC_ConversionStop_Disable  stm32f1xx_hal_adc.o
    0x080008ac   0x00000002   Code   RO          812    i.BusFault_Handler  stm32f1xx_it.o
    0x080008ae   0x00000002   PAD
    0x080008b0   0x0000000c   Code   RO          813    i.DMA1_Channel4_IRQHandler  stm32f1xx_it.o
    0x080008bc   0x0000000c   Code   RO          814    i.DMA1_Channel7_IRQHandler  stm32f1xx_it.o
    0x080008c8   0x0000002a   Code   RO         3757    i.DMA_SetConfig     stm32f1xx_hal_dma.o
    0x080008f2   0x00000002   Code   RO          815    i.DebugMon_Handler  stm32f1xx_it.o
    0x080008f4   0x0000004c   Code   RO          816    i.EXTI0_IRQHandler  stm32f1xx_it.o
    0x08000940   0x0000004c   Code   RO          817    i.EXTI1_IRQHandler  stm32f1xx_it.o
    0x0800098c   0x00000024   Code   RO         3555    i.FLASH_MassErase   stm32f1xx_hal_flash_ex.o
    0x080009b0   0x00000024   Code   RO         3560    i.FLASH_PageErase   stm32f1xx_hal_flash_ex.o
    0x080009d4   0x0000001c   Code   RO         3452    i.FLASH_Program_HalfWord  stm32f1xx_hal_flash.o
    0x080009f0   0x0000005c   Code   RO         3453    i.FLASH_SetErrorCode  stm32f1xx_hal_flash.o
    0x08000a4c   0x00000054   Code   RO         3454    i.FLASH_WaitForLastOperation  stm32f1xx_hal_flash.o
    0x08000aa0   0x000000fc   Code   RO         3140    i.HAL_ADC_ConfigChannel  stm32f1xx_hal_adc.o
    0x08000b9c   0x0000011c   Code   RO         3149    i.HAL_ADC_Init      stm32f1xx_hal_adc.o
    0x08000cb8   0x00000028   Code   RO          932    i.HAL_ADC_MspInit   stm32f1xx_hal_msp.o
    0x08000ce0   0x00000098   Code   RO         3759    i.HAL_DMA_Abort_IT  stm32f1xx_hal_dma.o
    0x08000d78   0x00000154   Code   RO         3763    i.HAL_DMA_IRQHandler  stm32f1xx_hal_dma.o
    0x08000ecc   0x00000064   Code   RO         3764    i.HAL_DMA_Init      stm32f1xx_hal_dma.o
    0x08000f30   0x00000070   Code   RO         3768    i.HAL_DMA_Start_IT  stm32f1xx_hal_dma.o
    0x08000fa0   0x000000a8   Code   RO         3561    i.HAL_FLASHEx_Erase  stm32f1xx_hal_flash_ex.o
    0x08001048   0x00000014   Code   RO         3458    i.HAL_FLASH_Lock    stm32f1xx_hal_flash.o
    0x0800105c   0x00000080   Code   RO         3463    i.HAL_FLASH_Program  stm32f1xx_hal_flash.o
    0x080010dc   0x00000028   Code   RO         3465    i.HAL_FLASH_Unlock  stm32f1xx_hal_flash.o
    0x08001104   0x00000002   Code   RO         4092    i.HAL_GPIO_EXTI_Callback  stm32f1xx_hal_gpio.o
    0x08001106   0x00000002   PAD
    0x08001108   0x00000018   Code   RO         4093    i.HAL_GPIO_EXTI_IRQHandler  stm32f1xx_hal_gpio.o
    0x08001120   0x000001bc   Code   RO         4094    i.HAL_GPIO_Init     stm32f1xx_hal_gpio.o
    0x080012dc   0x0000000a   Code   RO         4096    i.HAL_GPIO_ReadPin  stm32f1xx_hal_gpio.o
    0x080012e6   0x0000000a   Code   RO         4098    i.HAL_GPIO_WritePin  stm32f1xx_hal_gpio.o
    0x080012f0   0x0000000c   Code   RO         2950    i.HAL_GetTick       stm32f1xx_hal.o
    0x080012fc   0x00000052   Code   RO         2891    i.HAL_IWDG_Init     stm32f1xx_hal_iwdg.o
    0x0800134e   0x0000000c   Code   RO         2892    i.HAL_IWDG_Refresh  stm32f1xx_hal_iwdg.o
    0x0800135a   0x00000002   PAD
    0x0800135c   0x00000010   Code   RO         2954    i.HAL_IncTick       stm32f1xx_hal.o
    0x0800136c   0x00000024   Code   RO         2955    i.HAL_Init          stm32f1xx_hal.o
    0x08001390   0x00000040   Code   RO         2956    i.HAL_InitTick      stm32f1xx_hal.o
    0x080013d0   0x00000080   Code   RO          933    i.HAL_MspInit       stm32f1xx_hal_msp.o
    0x08001450   0x00000016   Code   RO         3642    i.HAL_NVIC_EnableIRQ  stm32f1xx_hal_cortex.o
    0x08001466   0x00000002   PAD
    0x08001468   0x00000040   Code   RO         3648    i.HAL_NVIC_SetPriority  stm32f1xx_hal_cortex.o
    0x080014a8   0x00000024   Code   RO         3649    i.HAL_NVIC_SetPriorityGrouping  stm32f1xx_hal_cortex.o
    0x080014cc   0x000000ec   Code   RO         3100    i.HAL_RCCEx_PeriphCLKConfig  stm32f1xx_hal_rcc_ex.o
    0x080015b8   0x00000154   Code   RO         3351    i.HAL_RCC_ClockConfig  stm32f1xx_hal_rcc.o
    0x0800170c   0x0000000c   Code   RO         3356    i.HAL_RCC_GetHCLKFreq  stm32f1xx_hal_rcc.o
    0x08001718   0x00000020   Code   RO         3358    i.HAL_RCC_GetPCLK1Freq  stm32f1xx_hal_rcc.o
    0x08001738   0x00000020   Code   RO         3359    i.HAL_RCC_GetPCLK2Freq  stm32f1xx_hal_rcc.o
    0x08001758   0x0000006c   Code   RO         3360    i.HAL_RCC_GetSysClockFreq  stm32f1xx_hal_rcc.o
    0x080017c4   0x00000304   Code   RO         3363    i.HAL_RCC_OscConfig  stm32f1xx_hal_rcc.o
    0x08001ac8   0x00000018   Code   RO         3651    i.HAL_SYSTICK_CLKSourceConfig  stm32f1xx_hal_cortex.o
    0x08001ae0   0x00000028   Code   RO         3653    i.HAL_SYSTICK_Config  stm32f1xx_hal_cortex.o
    0x08001b08   0x00000002   Code   RO         4178    i.HAL_UART_ErrorCallback  stm32f1xx_hal_uart.o
    0x08001b0a   0x00000002   PAD
    0x08001b0c   0x00000110   Code   RO         4181    i.HAL_UART_IRQHandler  stm32f1xx_hal_uart.o
    0x08001c1c   0x00000062   Code   RO         4182    i.HAL_UART_Init     stm32f1xx_hal_uart.o
    0x08001c7e   0x00000002   PAD
    0x08001c80   0x0000011c   Code   RO          935    i.HAL_UART_MspInit  stm32f1xx_hal_msp.o
    0x08001d9c   0x00000002   Code   RO         4188    i.HAL_UART_RxCpltCallback  stm32f1xx_hal_uart.o
    0x08001d9e   0x00000002   PAD
    0x08001da0   0x00000080   Code   RO         4191    i.HAL_UART_Transmit_DMA  stm32f1xx_hal_uart.o
    0x08001e20   0x00000002   Code   RO         4193    i.HAL_UART_TxCpltCallback  stm32f1xx_hal_uart.o
    0x08001e22   0x00000002   Code   RO         4194    i.HAL_UART_TxHalfCpltCallback  stm32f1xx_hal_uart.o
    0x08001e24   0x00000002   Code   RO          818    i.HardFault_Handler  stm32f1xx_it.o
    0x08001e26   0x00000002   PAD
    0x08001e28   0x00000034   Code   RO         1187    i.IIC_Start         oled.o
    0x08001e5c   0x0000002c   Code   RO         1188    i.IIC_Stop          oled.o
    0x08001e88   0x00000020   Code   RO         1189    i.IIC_Wait_Ack      oled.o
    0x08001ea8   0x00000044   Code   RO           13    i.MX_ADC1_Init      main.o
    0x08001eec   0x000000c4   Code   RO           14    i.MX_GPIO_Init      main.o
    0x08001fb0   0x00000066   Code   RO           15    i.MX_NVIC_Init      main.o
    0x08002016   0x00000002   Code   RO          819    i.MemManage_Handler  stm32f1xx_it.o
    0x08002018   0x00000002   Code   RO          820    i.NMI_Handler       stm32f1xx_it.o
    0x0800201a   0x00000020   Code   RO         3655    i.NVIC_SetPriority  stm32f1xx_hal_cortex.o
    0x0800203a   0x0000003a   Code   RO         1190    i.OLED_Clear        oled.o
    0x08002074   0x00000042   Code   RO         1191    i.OLED_Clear_Area   oled.o
    0x080020b6   0x00000040   Code   RO         1194    i.OLED_DrawBMP      oled.o
    0x080020f6   0x00000002   PAD
    0x080020f8   0x00000110   Code   RO         1197    i.OLED_Init         oled.o
    0x08002208   0x0000002a   Code   RO         1199    i.OLED_Set_Pos      oled.o
    0x08002232   0x00000002   PAD
    0x08002234   0x00000088   Code   RO         1201    i.OLED_ShowChar     oled.o
    0x080022bc   0x00000036   Code   RO         1203    i.OLED_ShowString   oled.o
    0x080022f2   0x0000000c   Code   RO         1204    i.OLED_WR_Byte      oled.o
    0x080022fe   0x00000042   Code   RO         1205    i.OLED_set_area     oled.o
    0x08002340   0x0000000e   Code   RO          821    i.SysTick_Handler   stm32f1xx_it.o
    0x0800234e   0x00000080   Code   RO           17    i.SystemClock_Config  main.o
    0x080023ce   0x00000002   PAD
    0x080023d0   0x00000048   Code   RO         4490    i.SystemInit        system_stm32f1xx.o
    0x08002418   0x00000010   Code   RO         4195    i.UART_DMAAbortOnError  stm32f1xx_hal_uart.o
    0x08002428   0x0000004a   Code   RO         4196    i.UART_DMAError     stm32f1xx_hal_uart.o
    0x08002472   0x0000002e   Code   RO         4201    i.UART_DMATransmitCplt  stm32f1xx_hal_uart.o
    0x080024a0   0x0000000a   Code   RO         4203    i.UART_DMATxHalfCplt  stm32f1xx_hal_uart.o
    0x080024aa   0x0000001c   Code   RO         4205    i.UART_EndRxTransfer  stm32f1xx_hal_uart.o
    0x080024c6   0x00000012   Code   RO         4206    i.UART_EndTxTransfer  stm32f1xx_hal_uart.o
    0x080024d8   0x000000b4   Code   RO         4207    i.UART_Receive_IT   stm32f1xx_hal_uart.o
    0x0800258c   0x00000170   Code   RO         4208    i.UART_SetConfig    stm32f1xx_hal_uart.o
    0x080026fc   0x00000062   Code   RO         4209    i.UART_Transmit_IT  stm32f1xx_hal_uart.o
    0x0800275e   0x00000002   PAD
    0x08002760   0x0000000c   Code   RO          822    i.USART1_IRQHandler  stm32f1xx_it.o
    0x0800276c   0x0000000c   Code   RO          823    i.USART2_IRQHandler  stm32f1xx_it.o
    0x08002778   0x00000002   Code   RO          824    i.UsageFault_Handler  stm32f1xx_it.o
    0x0800277a   0x00000002   PAD
    0x0800277c   0x00000050   Code   RO         1206    i.Write_IIC_Byte    oled.o
    0x080027cc   0x0000002e   Code   RO         1207    i.Write_IIC_Command  oled.o
    0x080027fa   0x0000002e   Code   RO         1208    i.Write_IIC_Data    oled.o
    0x08002828   0x00000002   Code   RO           18    i._Error_Handler    main.o
    0x0800282a   0x0000000e   Code   RO         4870    i.__scatterload_copy  mc_w.l(handlers.o)
    0x08002838   0x00000002   Code   RO         4871    i.__scatterload_null  mc_w.l(handlers.o)
    0x0800283a   0x0000000e   Code   RO         4872    i.__scatterload_zeroinit  mc_w.l(handlers.o)
    0x08002848   0x000000c8   Code   RO         1510    i._mav_finalize_message_chan_send  usertask.o
    0x08002910   0x0000021c   Code   RO         1512    i.app_run           usertask.o
    0x08002b2c   0x00000104   Code   RO         1513    i.beep_switch       usertask.o
    0x08002c30   0x0000001c   Code   RO         1514    i.beep_task         usertask.o
    0x08002c4c   0x000001b0   Code   RO         1515    i.button_event_task  usertask.o
    0x08002dfc   0x0000002c   Code   RO         1084    i.button_exti_callback  hardwareconfig.o
    0x08002e28   0x00000014   Code   RO         1127    i.clearLoopQueue    loopqueue.o
    0x08002e3c   0x0000003c   Code   RO         1516    i.command_ack_pro   usertask.o
    0x08002e78   0x0000001a   Code   RO         1361    i.copy_string       oled_display.o
    0x08002e92   0x0000001c   Code   RO         1517    i.crc_accumulate    usertask.o
    0x08002eae   0x00000002   PAD
    0x08002eb0   0x0000012c   Code   RO         1518    i.custom_mode_to_string  usertask.o
    0x08002fdc   0x00000018   Code   RO         1364    i.display_logo      oled_display.o
    0x08002ff4   0x00000020   Code   RO         1365    i.display_north     oled_display.o
    0x08003014   0x00000006   Code   RO         1366    i.display_string_Font8_16  oled_display.o
    0x0800301a   0x00000002   PAD
    0x0800301c   0x00000018   Code   RO         1367    i.display_title     oled_display.o
    0x08003034   0x00000014   Code   RO         1519    i.feed_dog_task     usertask.o
    0x08003048   0x00000134   Code   RO         1368    i.float_to_string   oled_display.o
    0x0800317c   0x00000028   Code   RO         1441    i.getUsartRecLoopQueue  usartdriver.o
    0x080031a4   0x00000028   Code   RO         1442    i.getUsartSendLoopQueue  usartdriver.o
    0x080031cc   0x00000018   Code   RO         1085    i.get_button_by_id  hardwareconfig.o
    0x080031e4   0x0000008c   Code   RO         1520    i.gps_type_to_string  usertask.o
    0x08003270   0x00000074   Code   RO         1521    i.info_sum          usertask.o
    0x080032e4   0x0000002c   Code   RO         1129    i.initCharLoopQueue  loopqueue.o
    0x08003310   0x00000080   Code   RO         1443    i.initUsartBuff     usartdriver.o
    0x08003390   0x00000032   Code   RO         1522    i.initUsartIT       usertask.o
    0x080033c2   0x0000001a   Code   RO         1039    i.init_button       buttondriver.o
    0x080033dc   0x00000024   Code   RO         1523    i.init_hardware     usertask.o
    0x08003400   0x0000001c   Code   RO         1086    i.init_system_button  hardwareconfig.o
    0x0800341c   0x00000024   Code   RO         1130    i.insertCharLoopQueue  loopqueue.o
    0x08003440   0x0000008c   Code   RO         1369    i.int_to_string     oled_display.o
    0x080034cc   0x0000000c   Code   RO         1132    i.loopQueueLength   loopqueue.o
    0x080034d8   0x000000a8   Code   RO           19    i.main              main.o
    0x08003580   0x0000000c   Code   RO         1817    i.makeFreeRtosPriority  cmsis_os.o
    0x0800358c   0x00000080   Code   RO         1524    i.mav_ekf_report_pro  usertask.o
    0x0800360c   0x000000b0   Code   RO         1525    i.mav_status_text_pro  usertask.o
    0x080036bc   0x00000048   Code   RO         1526    i.mav_sys_status_pro  usertask.o
    0x08003704   0x0000045c   Code   RO         1527    i.mavlinkV1_parse   usertask.o
    0x08003b60   0x00000158   Code   RO         1528    i.mavlink_frame_char_buffer  usertask.o
    0x08003cb8   0x00000056   Code   RO         1529    i.mavlink_msg_command_long_send  usertask.o
    0x08003d0e   0x0000000a   Code   RO         1530    i.mavlink_update_checksum  usertask.o
    0x08003d18   0x0000000e   Code   RO         1819    i.osDelay           cmsis_os.o
    0x08003d26   0x0000000a   Code   RO         1822    i.osKernelStart     cmsis_os.o
    0x08003d30   0x00000014   Code   RO         1855    i.osSystickHandler  cmsis_os.o
    0x08003d44   0x0000002e   Code   RO         1856    i.osThreadCreate    cmsis_os.o
    0x08003d72   0x0000001e   Code   RO         1370    i.pow_int           oled_display.o
    0x08003d90   0x00000070   Code   RO         2600    i.prvAddCurrentTaskToDelayedList  tasks.o
    0x08003e00   0x000000d0   Code   RO         2601    i.prvAddNewTaskToReadyList  tasks.o
    0x08003ed0   0x00000050   Code   RO         2602    i.prvCheckTasksWaitingTermination  tasks.o
    0x08003f20   0x00000026   Code   RO         2374    i.prvCopyDataFromQueue  queue.o
    0x08003f46   0x0000006c   Code   RO         2375    i.prvCopyDataToQueue  queue.o
    0x08003fb2   0x00000014   Code   RO         2603    i.prvDeleteTCB      tasks.o
    0x08003fc6   0x00000002   PAD
    0x08003fc8   0x0000004c   Code   RO         2190    i.prvHeapInit       heap_4.o
    0x08004014   0x00000028   Code   RO         2604    i.prvIdleTask       tasks.o
    0x0800403c   0x0000008e   Code   RO         2605    i.prvInitialiseNewTask  tasks.o
    0x080040ca   0x00000002   PAD
    0x080040cc   0x0000004c   Code   RO         2191    i.prvInsertBlockIntoFreeList  heap_4.o
    0x08004118   0x0000001c   Code   RO         2376    i.prvIsQueueEmpty   queue.o
    0x08004134   0x00000020   Code   RO         2606    i.prvResetNextTaskUnblockTime  tasks.o
    0x08004154   0x00000028   Code   RO         2297    i.prvTaskExitError  port.o
    0x0800417c   0x0000006a   Code   RO         2377    i.prvUnlockQueue    queue.o
    0x080041e6   0x00000002   PAD
    0x080041e8   0x000000d8   Code   RO         2192    i.pvPortMalloc      heap_4.o
    0x080042c0   0x00000018   Code   RO         2608    i.pvTaskIncrementMutexHeldCount  tasks.o
    0x080042d8   0x00000024   Code   RO         2298    i.pxPortInitialiseStack  port.o
    0x080042fc   0x00000090   Code   RO         1444    i.read              usartdriver.o
    0x0800438c   0x00000024   Code   RO         1134    i.readCharLoopQueue  loopqueue.o
    0x080043b0   0x0000001c   Code   RO         1087    i.read_button_pin_satus  hardwareconfig.o
    0x080043cc   0x00000084   Code   RO         1531    i.rgb_led_task      usertask.o
    0x08004450   0x000002a8   Code   RO         1532    i.rgb_switch        usertask.o
    0x080046f8   0x000000f4   Code   RO         1533    i.run_led_task      usertask.o
    0x080047ec   0x00000054   Code   RO         1534    i.save_param        usertask.o
    0x08004840   0x0000006c   Code   RO         1536    i.system_init       usertask.o
    0x080048ac   0x00000148   Code   RO         1537    i.system_test       usertask.o
    0x080049f4   0x00000074   Code   RO         1538    i.time_to_string    usertask.o
    0x08004a68   0x00000d08   Code   RO         1539    i.update_oled_task  usertask.o
    0x08005770   0x0000003c   Code   RO         1540    i.usart1_rec_task   usertask.o
    0x080057ac   0x000001a0   Code   RO         1541    i.usart1_send_task  usertask.o
    0x0800594c   0x00000014   Code   RO         1446    i.usartClearRxBuff  usartdriver.o
    0x08005960   0x00000014   Code   RO         1447    i.usartClearTxBuff  usartdriver.o
    0x08005974   0x00000044   Code   RO         1546    i.usart_send        usertask.o
    0x080059b8   0x00000024   Code   RO         2260    i.uxListRemove      list.o
    0x080059dc   0x00000016   Code   RO         2261    i.vListInitialise   list.o
    0x080059f2   0x00000006   Code   RO         2262    i.vListInitialiseItem  list.o
    0x080059f8   0x00000030   Code   RO         2263    i.vListInsert       list.o
    0x08005a28   0x00000018   Code   RO         2264    i.vListInsertEnd    list.o
    0x08005a40   0x00000040   Code   RO         2300    i.vPortEnterCritical  port.o
    0x08005a80   0x00000028   Code   RO         2301    i.vPortExitCritical  port.o
    0x08005aa8   0x0000005c   Code   RO         2193    i.vPortFree         heap_4.o
    0x08005b04   0x00000020   Code   RO         2302    i.vPortSetupTimerInterrupt  port.o
    0x08005b24   0x00000054   Code   RO         2303    i.vPortValidateInterruptPriority  port.o
    0x08005b78   0x0000004c   Code   RO         2614    i.vTaskDelay        tasks.o
    0x08005bc4   0x0000000c   Code   RO         2617    i.vTaskMissedYield  tasks.o
    0x08005bd0   0x00000030   Code   RO         2619    i.vTaskPlaceOnEventList  tasks.o
    0x08005c00   0x00000084   Code   RO         2621    i.vTaskPriorityInherit  tasks.o
    0x08005c84   0x00000024   Code   RO         2624    i.vTaskSetTimeOutState  tasks.o
    0x08005ca8   0x00000068   Code   RO         2625    i.vTaskStartScheduler  tasks.o
    0x08005d10   0x00000010   Code   RO         2627    i.vTaskSuspendAll   tasks.o
    0x08005d20   0x0000005c   Code   RO         2628    i.vTaskSwitchContext  tasks.o
    0x08005d7c   0x00000050   Code   RO         1547    i.vibe_pro          usertask.o
    0x08005dcc   0x00000074   Code   RO         1548    i.vibe_sum          usertask.o
    0x08005e40   0x0000005c   Code   RO         1448    i.write             usartdriver.o
    0x08005e9c   0x00000028   Code   RO         1449    i.writeBuffLen      usartdriver.o
    0x08005ec4   0x00000074   Code   RO         2304    i.xPortStartScheduler  port.o
    0x08005f38   0x0000002c   Code   RO         2305    i.xPortSysTickHandler  port.o
    0x08005f64   0x00000024   Code   RO         2384    i.xQueueCreateMutex  queue.o
    0x08005f88   0x00000048   Code   RO         2385    i.xQueueGenericCreate  queue.o
    0x08005fd0   0x0000016c   Code   RO         2386    i.xQueueGenericReceive  queue.o
    0x0800613c   0x00000088   Code   RO         2387    i.xQueueGenericReset  queue.o
    0x080061c4   0x00000160   Code   RO         2388    i.xQueueGenericSend  queue.o
    0x08006324   0x000000bc   Code   RO         2389    i.xQueueGenericSendFromISR  queue.o
    0x080063e0   0x0000006c   Code   RO         2629    i.xTaskCheckForTimeOut  tasks.o
    0x0800644c   0x00000056   Code   RO         2630    i.xTaskCreate       tasks.o
    0x080064a2   0x00000002   PAD
    0x080064a4   0x0000001c   Code   RO         2634    i.xTaskGetSchedulerState  tasks.o
    0x080064c0   0x0000000c   Code   RO         2635    i.xTaskGetTickCount  tasks.o
    0x080064cc   0x000000c8   Code   RO         2637    i.xTaskIncrementTick  tasks.o
    0x08006594   0x00000098   Code   RO         2640    i.xTaskPriorityDisinherit  tasks.o
    0x0800662c   0x00000074   Code   RO         2641    i.xTaskRemoveFromEventList  tasks.o
    0x080066a0   0x000000c4   Code   RO         2643    i.xTaskResumeAll    tasks.o
    0x08006764   0x00000ad8   Data   RO         1211    .constdata          oled.o
    0x0800723c   0x000001dc   Data   RO         1371    .constdata          oled_display.o
    0x08007418   0x000001d4   Data   RO         1550    .constdata          usertask.o
    0x080075ec   0x00000010   Data   RO         4491    .constdata          system_stm32f1xx.o
    0x080075fc   0x00000008   Data   RO         4492    .constdata          system_stm32f1xx.o
    0x08007604   0x0000006f   Data   RO         1551    .conststring        usertask.o
    0x08007673   0x00000001   PAD
    0x08007674   0x00000020   Data   RO         4868    Region$$Table       anon$$obj.o


    Execution Region RW_IRAM1 (Base: 0x20000000, Size: 0x00004038, Max: 0x00005000, ABSOLUTE)

    Base Addr    Size         Type   Attr      Idx    E Section Name        Object

    0x20000000   0x00000004   Data   RW         1451    .data               usartdriver.o
    0x20000004   0x0000004c   Data   RW         1552    .data               usertask.o
    0x20000050   0x00000018   Data   RW         2198    .data               heap_4.o
    0x20000068   0x0000000c   Data   RW         2306    .data               port.o
    0x20000074   0x0000003c   Data   RW         2646    .data               tasks.o
    0x200000b0   0x0000000c   Data   RW         2962    .data               stm32f1xx_hal.o
    0x200000bc   0x00000004   Data   RW         4493    .data               system_stm32f1xx.o
    0x200000c0   0x00000040   Zero   RW           20    .bss                main.o
    0x20000100   0x00000044   Zero   RW           21    .bss                main.o
    0x20000144   0x00000044   Zero   RW           22    .bss                main.o
    0x20000188   0x00000018   Zero   RW         1088    .bss                hardwareconfig.o
    0x200001a0   0x00000678   Zero   RW         1450    .bss                usartdriver.o
    0x20000818   0x0000070c   Zero   RW         1549    .bss                usertask.o
    0x20000f24   0x00002c00   Zero   RW         2197    .bss                heap_4.o
    0x20003b24   0x000000f0   Zero   RW         2645    .bss                tasks.o
    0x20003c14   0x00000004   PAD
    0x20003c18   0x00000020   Zero   RW         3466    .bss                stm32f1xx_hal_flash.o
    0x20003c38   0x00000400   Zero   RW            1    STACK               startup_stm32f103xb.o


==============================================================================

Image component sizes


      Code (inc. data)   RO Data    RW Data    ZI Data      Debug   Object Name

        26          0          0          0          0       1621   buttondriver.o
       102          0          0          0          0      12908   cmsis_os.o
       124         12          0          0         24       4645   hardwareconfig.o
       460         24          0         24      11264       8395   heap_4.o
       136          0          0          0          0       3118   list.o
       148          0          0          0          0       3400   loopqueue.o
       664         60          0          0        200     486489   main.o
      1070         32       2776          0          0       8717   oled.o
       590         48        476          0          0       5235   oled_display.o
       606         72          0         12          0      10757   port.o
      1428         14          0          0          0      19081   queue.o
        36          8        236          0       1024        784   startup_stm32f103xb.o
       128         24          0         12          0       3105   stm32f1xx_hal.o
       612         24          0          0          0       2820   stm32f1xx_hal_adc.o
       218         14          0          0          0      25865   stm32f1xx_hal_cortex.o
       746         36          0          0          0       3778   stm32f1xx_hal_dma.o
       392         46          0          0         32       4250   stm32f1xx_hal_flash.o
       240         26          0          0          0       3033   stm32f1xx_hal_flash_ex.o
       490         42          0          0          0       4115   stm32f1xx_hal_gpio.o
        94          0          0          0          0       1579   stm32f1xx_hal_iwdg.o
       452         78          0          0          0       2239   stm32f1xx_hal_msp.o
      1296        104          0          0          0       5284   stm32f1xx_hal_rcc.o
       236         12          0          0          0       1300   stm32f1xx_hal_rcc_ex.o
      1344         36          0          0          0       9805   stm32f1xx_hal_uart.o
       226         40          0          0          0       9764   stm32f1xx_it.o
        72         16         24          4          0       1111   system_stm32f1xx.o
      2072        178          0         60        240      20557   tasks.o
       524         48          0          4       1656       5599   usartdriver.o
      9910       1338        579         76       1804      95308   usertask.o

    ----------------------------------------------------------------------
     24482       2332       4124        192      16248     764662   Object Totals
         0          0         32          0          0          0   (incl. Generated)
        40          0          1          0          4          0   (incl. Padding)

    ----------------------------------------------------------------------

      Code (inc. data)   RO Data    RW Data    ZI Data      Debug   Library Member Name

         0          0          0          0          0          0   entry.o
         0          0          0          0          0          0   entry10a.o
         0          0          0          0          0          0   entry11a.o
         8          4          0          0          0          0   entry2.o
         4          0          0          0          0          0   entry5.o
         0          0          0          0          0          0   entry7b.o
         0          0          0          0          0          0   entry8b.o
         8          4          0          0          0          0   entry9a.o
        30          0          0          0          0          0   handlers.o
        36          8          0          0          0         68   init.o
         0          0          0          0          0          0   iusefp.o
        30          0          0          0          0         68   llshl.o
        36          0          0          0          0         68   llsshr.o
        32          0          0          0          0         68   llushr.o
        36          0          0          0          0         68   memcpya.o
        36          0          0          0          0        108   memseta.o
        28          0          0          0          0         76   strcmp.o
        18          0          0          0          0         68   strcpy.o
        14          0          0          0          0         68   strlen.o
        48          0          0          0          0         68   cdcmple.o
        20          0          0          0          0         68   cfcmple.o
        20          0          0          0          0         68   cfrcmple.o
        56          0          0          0          0         88   d2f.o
       334          0          0          0          0        148   dadd.o
       222          0          0          0          0        100   ddiv.o
       186          0          0          0          0        176   depilogue.o
        50          0          0          0          0         76   dfixui.o
        34          0          0          0          0         76   dflti.o
        26          0          0          0          0         76   dfltui.o
       228          0          0          0          0         96   dmul.o
        38          0          0          0          0         68   f2d.o
       110          0          0          0          0        168   fepilogue.o
        50          0          0          0          0         68   ffixi.o
        10          0          0          0          0         68   ffltui.o

    ----------------------------------------------------------------------
      1750         16          0          0          0       2072   Library Totals
         2          0          0          0          0          0   (incl. Padding)

    ----------------------------------------------------------------------

      Code (inc. data)   RO Data    RW Data    ZI Data      Debug   Library Name

       316         16          0          0          0        660   mc_w.l
      1432          0          0          0          0       1412   mf_w.l

    ----------------------------------------------------------------------
      1750         16          0          0          0       2072   Library Totals

    ----------------------------------------------------------------------

==============================================================================


      Code (inc. data)   RO Data    RW Data    ZI Data      Debug   

     26232       2348       4124        192      16248     754978   Grand Totals
     26232       2348       4124        192      16248     754978   ELF Image Totals
     26232       2348       4124        192          0          0   ROM Totals

==============================================================================

    Total RO  Size (Code + RO Data)                30356 (  29.64kB)
    Total RW  Size (RW Data + ZI Data)             16440 (  16.05kB)
    Total ROM Size (Code + RO Data + RW Data)      30548 (  29.83kB)

==============================================================================

