<html>
<body>
<pre>
<h1>礦ision Build Log</h1>
<h2>Tool Versions:</h2>
IDE-Version: μVision V5.13.0.0
Copyright (C) 2014 ARM Ltd and ARM Germany GmbH. All rights reserved.
License Information: 1 Microsoft, Microsoft, LIC=MPP56-DEQAY-61DPW-Q0NEI-UTX59-QT3GV
 
Tool Versions:
Toolchain:       MDK-ARM Standard  Version: 5.13.0.0
Toolchain Path:  D:\APP\Major\keil513\ARM\ARMCC\Bin
C Compiler:      Armcc.exe V5.05 update 1 (build 106)
Assembler:       Armasm.exe V5.05 update 1 (build 106)
Linker/Locator:  ArmLink.exe V5.05 update 1 (build 106)
Library Manager: ArmAr.exe V5.05 update 1 (build 106)
Hex Converter:   FromElf.exe V5.05 update 1 (build 106)
CPU DLL:         SARMCM3.DLL V5.13.0.0
Dialog DLL:      DCM.DLL V1.13.1.0
Target DLL:      STLink\ST-LINKIII-KEIL_SWO.dll V2.0.14.0_KEIL
Dialog DLL:      TCM.DLL V1.14.4.0
 
<h2>Project:</h2>
C:\Users\Awesome\Desktop\win10桌面备份\MavSwordCode\MavSword\MDK-ARM\MavSword.uvprojx
Project File Date:  07/23/2018

<h2>Output:</h2>
Build target 'MavSword'
compiling UserTask.c...
..\Src\UserTask.c(126): warning:  #188-D: enumerated type mixed with another type
        RGB1_Close();
..\Src\UserTask.c(126): warning:  #188-D: enumerated type mixed with another type
        RGB1_Close();
..\Src\UserTask.c(126): warning:  #188-D: enumerated type mixed with another type
        RGB1_Close();
..\Src\UserTask.c(127): warning:  #188-D: enumerated type mixed with another type
        RGB2_Close();
..\Src\UserTask.c(127): warning:  #188-D: enumerated type mixed with another type
        RGB2_Close();
..\Src\UserTask.c(127): warning:  #188-D: enumerated type mixed with another type
        RGB2_Close();
..\Src\UserTask.c(778): warning:  #167-D: argument of type "char *" is incompatible with parameter of type "unsigned char *"
                                                OLED_ShowString(68,7,buff,8);
..\Src\UserTask.c(1176): warning:  #188-D: enumerated type mixed with another type
        mavlink_msg_request_data_stream_send_struct(chan, &r_send_data);
..\Src\UserTask.c(1177): warning:  #188-D: enumerated type mixed with another type
        mavlink_msg_request_data_stream_send_struct(chan, &r_send_data);
..\Src\UserTask.c(1181): warning:  #188-D: enumerated type mixed with another type
        mavlink_msg_request_data_stream_send_struct(chan, &r_send_data);
..\Src\UserTask.c(1182): warning:  #188-D: enumerated type mixed with another type
        mavlink_msg_request_data_stream_send_struct(chan, &r_send_data);
..\Src\UserTask.c(1186): warning:  #188-D: enumerated type mixed with another type
        mavlink_msg_request_data_stream_send_struct(chan, &r_send_data);
..\Src\UserTask.c(1187): warning:  #188-D: enumerated type mixed with another type
        mavlink_msg_request_data_stream_send_struct(chan, &r_send_data);
..\Src\UserTask.c(1191): warning:  #188-D: enumerated type mixed with another type
        mavlink_msg_request_data_stream_send_struct(chan, &r_send_data);
..\Src\UserTask.c(1192): warning:  #188-D: enumerated type mixed with another type
        mavlink_msg_request_data_stream_send_struct(chan, &r_send_data);
..\Src\UserTask.c(1196): warning:  #188-D: enumerated type mixed with another type
        mavlink_msg_request_data_stream_send_struct(chan, &r_send_data);
..\Src\UserTask.c(1197): warning:  #188-D: enumerated type mixed with another type
        mavlink_msg_request_data_stream_send_struct(chan, &r_send_data);
..\Src\UserTask.c(1201): warning:  #188-D: enumerated type mixed with another type
        mavlink_msg_request_data_stream_send_struct(chan, &r_send_data);
..\Src\UserTask.c(1202): warning:  #188-D: enumerated type mixed with another type
        mavlink_msg_request_data_stream_send_struct(chan, &r_send_data);
..\Src\UserTask.c(1206): warning:  #188-D: enumerated type mixed with another type
        mavlink_msg_request_data_stream_send_struct(chan, &r_send_data);
..\Src\UserTask.c(1207): warning:  #188-D: enumerated type mixed with another type
        mavlink_msg_request_data_stream_send_struct(chan, &r_send_data);
..\Src\UserTask.c(1491): warning:  #188-D: enumerated type mixed with another type
                                RGB1_Red();
..\Src\UserTask.c(1491): warning:  #188-D: enumerated type mixed with another type
                                RGB1_Red();
..\Src\UserTask.c(1491): warning:  #188-D: enumerated type mixed with another type
                                RGB1_Red();
..\Src\UserTask.c(1492): warning:  #188-D: enumerated type mixed with another type
                                RGB2_Red();
..\Src\UserTask.c(1492): warning:  #188-D: enumerated type mixed with another type
                                RGB2_Red();
..\Src\UserTask.c(1492): warning:  #188-D: enumerated type mixed with another type
                                RGB2_Red();
..\Src\UserTask.c(1495): warning:  #188-D: enumerated type mixed with another type
                                RGB1_Blue();
..\Src\UserTask.c(1495): warning:  #188-D: enumerated type mixed with another type
                                RGB1_Blue();
..\Src\UserTask.c(1495): warning:  #188-D: enumerated type mixed with another type
                                RGB1_Blue();
..\Src\UserTask.c(1496): warning:  #188-D: enumerated type mixed with another type
                                RGB2_Blue();
..\Src\UserTask.c(1496): warning:  #188-D: enumerated type mixed with another type
                                RGB2_Blue();
..\Src\UserTask.c(1496): warning:  #188-D: enumerated type mixed with another type
                                RGB2_Blue();
..\Src\UserTask.c(1506): warning:  #188-D: enumerated type mixed with another type
                RGB1_Close();
..\Src\UserTask.c(1506): warning:  #188-D: enumerated type mixed with another type
                RGB1_Close();
..\Src\UserTask.c(1506): warning:  #188-D: enumerated type mixed with another type
                RGB1_Close();
..\Src\UserTask.c(1507): warning:  #188-D: enumerated type mixed with another type
                RGB2_Close();
..\Src\UserTask.c(1507): warning:  #188-D: enumerated type mixed with another type
                RGB2_Close();
..\Src\UserTask.c(1507): warning:  #188-D: enumerated type mixed with another type
                RGB2_Close();
..\Src\UserTask.c(1520): warning:  #188-D: enumerated type mixed with another type
                                RGB1_Red();
..\Src\UserTask.c(1520): warning:  #188-D: enumerated type mixed with another type
                                RGB1_Red();
..\Src\UserTask.c(1520): warning:  #188-D: enumerated type mixed with another type
                                RGB1_Red();
..\Src\UserTask.c(1521): warning:  #188-D: enumerated type mixed with another type
                                RGB2_Red();
..\Src\UserTask.c(1521): warning:  #188-D: enumerated type mixed with another type
                                RGB2_Red();
..\Src\UserTask.c(1521): warning:  #188-D: enumerated type mixed with another type
                                RGB2_Red();
..\Src\UserTask.c(1528): warning:  #188-D: enumerated type mixed with another type
                                RGB1_Blue();
..\Src\UserTask.c(1528): warning:  #188-D: enumerated type mixed with another type
                                RGB1_Blue();
..\Src\UserTask.c(1528): warning:  #188-D: enumerated type mixed with another type
                                RGB1_Blue();
..\Src\UserTask.c(1529): warning:  #188-D: enumerated type mixed with another type
                                RGB2_Blue();
..\Src\UserTask.c(1529): warning:  #188-D: enumerated type mixed with another type
                                RGB2_Blue();
..\Src\UserTask.c(1529): warning:  #188-D: enumerated type mixed with another type
                                RGB2_Blue();
..\Src\UserTask.c(1536): warning:  #188-D: enumerated type mixed with another type
                                RGB1_Green();
..\Src\UserTask.c(1536): warning:  #188-D: enumerated type mixed with another type
                                RGB1_Green();
..\Src\UserTask.c(1536): warning:  #188-D: enumerated type mixed with another type
                                RGB1_Green();
..\Src\UserTask.c(1537): warning:  #188-D: enumerated type mixed with another type
                                RGB2_Green();
..\Src\UserTask.c(1537): warning:  #188-D: enumerated type mixed with another type
                                RGB2_Green();
..\Src\UserTask.c(1537): warning:  #188-D: enumerated type mixed with another type
                                RGB2_Green();
..\Src\UserTask.c(1542): warning:  #188-D: enumerated type mixed with another type
                                RGB1_Close();
..\Src\UserTask.c(1542): warning:  #188-D: enumerated type mixed with another type
                                RGB1_Close();
..\Src\UserTask.c(1542): warning:  #188-D: enumerated type mixed with another type
                                RGB1_Close();
..\Src\UserTask.c(1543): warning:  #188-D: enumerated type mixed with another type
                                RGB2_Close();
..\Src\UserTask.c(1543): warning:  #188-D: enumerated type mixed with another type
                                RGB2_Close();
..\Src\UserTask.c(1543): warning:  #188-D: enumerated type mixed with another type
                                RGB2_Close();
..\Src\UserTask.c(1565): warning:  #188-D: enumerated type mixed with another type
                                RGB1_Yellow();
..\Src\UserTask.c(1565): warning:  #188-D: enumerated type mixed with another type
                                RGB1_Yellow();
..\Src\UserTask.c(1565): warning:  #188-D: enumerated type mixed with another type
                                RGB1_Yellow();
..\Src\UserTask.c(1566): warning:  #188-D: enumerated type mixed with another type
                                RGB2_Yellow();
..\Src\UserTask.c(1566): warning:  #188-D: enumerated type mixed with another type
                                RGB2_Yellow();
..\Src\UserTask.c(1566): warning:  #188-D: enumerated type mixed with another type
                                RGB2_Yellow();
..\Src\UserTask.c(1580): warning:  #188-D: enumerated type mixed with another type
                                                RGB1_Red();
..\Src\UserTask.c(1580): warning:  #188-D: enumerated type mixed with another type
                                                RGB1_Red();
..\Src\UserTask.c(1580): warning:  #188-D: enumerated type mixed with another type
                                                RGB1_Red();
..\Src\UserTask.c(1581): warning:  #188-D: enumerated type mixed with another type
                                                RGB2_Red();
..\Src\UserTask.c(1581): warning:  #188-D: enumerated type mixed with another type
                                                RGB2_Red();
..\Src\UserTask.c(1581): warning:  #188-D: enumerated type mixed with another type
                                                RGB2_Red();
..\Src\UserTask.c(1584): warning:  #188-D: enumerated type mixed with another type
                                                RGB1_Blue();
..\Src\UserTask.c(1584): warning:  #188-D: enumerated type mixed with another type
                                                RGB1_Blue();
..\Src\UserTask.c(1584): warning:  #188-D: enumerated type mixed with another type
                                                RGB1_Blue();
..\Src\UserTask.c(1585): warning:  #188-D: enumerated type mixed with another type
                                                RGB2_Blue();
..\Src\UserTask.c(1585): warning:  #188-D: enumerated type mixed with another type
                                                RGB2_Blue();
..\Src\UserTask.c(1585): warning:  #188-D: enumerated type mixed with another type
                                                RGB2_Blue();
..\Src\UserTask.c(1588): warning:  #188-D: enumerated type mixed with another type
                                                RGB1_Close();
..\Src\UserTask.c(1588): warning:  #188-D: enumerated type mixed with another type
                                                RGB1_Close();
..\Src\UserTask.c(1588): warning:  #188-D: enumerated type mixed with another type
                                                RGB1_Close();
..\Src\UserTask.c(1589): warning:  #188-D: enumerated type mixed with another type
                                                RGB2_Close();
..\Src\UserTask.c(1589): warning:  #188-D: enumerated type mixed with another type
                                                RGB2_Close();
..\Src\UserTask.c(1589): warning:  #188-D: enumerated type mixed with another type
                                                RGB2_Close();
..\Src\UserTask.c(1601): warning:  #188-D: enumerated type mixed with another type
                        RGB1_Green();
..\Src\UserTask.c(1601): warning:  #188-D: enumerated type mixed with another type
                        RGB1_Green();
..\Src\UserTask.c(1601): warning:  #188-D: enumerated type mixed with another type
                        RGB1_Green();
..\Src\UserTask.c(1602): warning:  #188-D: enumerated type mixed with another type
                        RGB2_Green();
..\Src\UserTask.c(1602): warning:  #188-D: enumerated type mixed with another type
                        RGB2_Green();
..\Src\UserTask.c(1602): warning:  #188-D: enumerated type mixed with another type
                        RGB2_Green();
..\Src\UserTask.c(1605): warning:  #188-D: enumerated type mixed with another type
                        RGB1_Blue();
..\Src\UserTask.c(1605): warning:  #188-D: enumerated type mixed with another type
                        RGB1_Blue();
..\Src\UserTask.c(1605): warning:  #188-D: enumerated type mixed with another type
                        RGB1_Blue();
..\Src\UserTask.c(1606): warning:  #188-D: enumerated type mixed with another type
                        RGB2_Blue();
..\Src\UserTask.c(1606): warning:  #188-D: enumerated type mixed with another type
                        RGB2_Blue();
..\Src\UserTask.c(1606): warning:  #188-D: enumerated type mixed with another type
                        RGB2_Blue();
..\Src\UserTask.c(1618): warning:  #188-D: enumerated type mixed with another type
                                        RGB1_Yellow();
..\Src\UserTask.c(1618): warning:  #188-D: enumerated type mixed with another type
                                        RGB1_Yellow();
..\Src\UserTask.c(1618): warning:  #188-D: enumerated type mixed with another type
                                        RGB1_Yellow();
..\Src\UserTask.c(1619): warning:  #188-D: enumerated type mixed with another type
                                        RGB2_Yellow();
..\Src\UserTask.c(1619): warning:  #188-D: enumerated type mixed with another type
                                        RGB2_Yellow();
..\Src\UserTask.c(1619): warning:  #188-D: enumerated type mixed with another type
                                        RGB2_Yellow();
..\Src\UserTask.c(1628): warning:  #188-D: enumerated type mixed with another type
                                        RGB1_Close();
..\Src\UserTask.c(1628): warning:  #188-D: enumerated type mixed with another type
                                        RGB1_Close();
..\Src\UserTask.c(1628): warning:  #188-D: enumerated type mixed with another type
                                        RGB1_Close();
..\Src\UserTask.c(1629): warning:  #188-D: enumerated type mixed with another type
                                        RGB2_Close();
..\Src\UserTask.c(1629): warning:  #188-D: enumerated type mixed with another type
                                        RGB2_Close();
..\Src\UserTask.c(1629): warning:  #188-D: enumerated type mixed with another type
                                        RGB2_Close();
..\Src\UserTask.c(1640): warning:  #188-D: enumerated type mixed with another type
                                                        RGB1_Green();
..\Src\UserTask.c(1640): warning:  #188-D: enumerated type mixed with another type
                                                        RGB1_Green();
..\Src\UserTask.c(1640): warning:  #188-D: enumerated type mixed with another type
                                                        RGB1_Green();
..\Src\UserTask.c(1641): warning:  #188-D: enumerated type mixed with another type
                                                        RGB2_Green();
..\Src\UserTask.c(1641): warning:  #188-D: enumerated type mixed with another type
                                                        RGB2_Green();
..\Src\UserTask.c(1641): warning:  #188-D: enumerated type mixed with another type
                                                        RGB2_Green();
..\Src\UserTask.c(1646): warning:  #188-D: enumerated type mixed with another type
                                                        RGB1_Close();
..\Src\UserTask.c(1646): warning:  #188-D: enumerated type mixed with another type
                                                        RGB1_Close();
..\Src\UserTask.c(1646): warning:  #188-D: enumerated type mixed with another type
                                                        RGB1_Close();
..\Src\UserTask.c(1647): warning:  #188-D: enumerated type mixed with another type
                                                        RGB2_Close();
..\Src\UserTask.c(1647): warning:  #188-D: enumerated type mixed with another type
                                                        RGB2_Close();
..\Src\UserTask.c(1647): warning:  #188-D: enumerated type mixed with another type
                                                        RGB2_Close();
..\Src\UserTask.c(1652): warning:  #188-D: enumerated type mixed with another type
                                                        RGB1_Green();
..\Src\UserTask.c(1652): warning:  #188-D: enumerated type mixed with another type
                                                        RGB1_Green();
..\Src\UserTask.c(1652): warning:  #188-D: enumerated type mixed with another type
                                                        RGB1_Green();
..\Src\UserTask.c(1653): warning:  #188-D: enumerated type mixed with another type
                                                        RGB2_Green();
..\Src\UserTask.c(1653): warning:  #188-D: enumerated type mixed with another type
                                                        RGB2_Green();
..\Src\UserTask.c(1653): warning:  #188-D: enumerated type mixed with another type
                                                        RGB2_Green();
..\Src\UserTask.c(1658): warning:  #188-D: enumerated type mixed with another type
                                                        RGB1_Close();
..\Src\UserTask.c(1658): warning:  #188-D: enumerated type mixed with another type
                                                        RGB1_Close();
..\Src\UserTask.c(1658): warning:  #188-D: enumerated type mixed with another type
                                                        RGB1_Close();
..\Src\UserTask.c(1659): warning:  #188-D: enumerated type mixed with another type
                                                        RGB2_Close();
..\Src\UserTask.c(1659): warning:  #188-D: enumerated type mixed with another type
                                                        RGB2_Close();
..\Src\UserTask.c(1659): warning:  #188-D: enumerated type mixed with another type
                                                        RGB2_Close();
..\Src\UserTask.c(1663): warning:  #188-D: enumerated type mixed with another type
                                                RGB1_Close();
..\Src\UserTask.c(1663): warning:  #188-D: enumerated type mixed with another type
                                                RGB1_Close();
..\Src\UserTask.c(1663): warning:  #188-D: enumerated type mixed with another type
                                                RGB1_Close();
..\Src\UserTask.c(1664): warning:  #188-D: enumerated type mixed with another type
                                                RGB2_Close();
..\Src\UserTask.c(1664): warning:  #188-D: enumerated type mixed with another type
                                                RGB2_Close();
..\Src\UserTask.c(1664): warning:  #188-D: enumerated type mixed with another type
                                                RGB2_Close();
..\Src\UserTask.c(1667): warning:  #188-D: enumerated type mixed with another type
                                                                RGB1_Green();
..\Src\UserTask.c(1667): warning:  #188-D: enumerated type mixed with another type
                                                                RGB1_Green();
..\Src\UserTask.c(1667): warning:  #188-D: enumerated type mixed with another type
                                                                RGB1_Green();
..\Src\UserTask.c(1668): warning:  #188-D: enumerated type mixed with another type
                                                                RGB2_Green();
..\Src\UserTask.c(1668): warning:  #188-D: enumerated type mixed with another type
                                                                RGB2_Green();
..\Src\UserTask.c(1668): warning:  #188-D: enumerated type mixed with another type
                                                                RGB2_Green();
..\Src\UserTask.c(1671): warning:  #188-D: enumerated type mixed with another type
                                                                RGB1_Blue();
..\Src\UserTask.c(1671): warning:  #188-D: enumerated type mixed with another type
                                                                RGB1_Blue();
..\Src\UserTask.c(1671): warning:  #188-D: enumerated type mixed with another type
                                                                RGB1_Blue();
..\Src\UserTask.c(1672): warning:  #188-D: enumerated type mixed with another type
                                                                RGB2_Blue();
..\Src\UserTask.c(1672): warning:  #188-D: enumerated type mixed with another type
                                                                RGB2_Blue();
..\Src\UserTask.c(1672): warning:  #188-D: enumerated type mixed with another type
                                                                RGB2_Blue();
..\Src\UserTask.c(1677): warning:  #188-D: enumerated type mixed with another type
                                                        RGB1_Close();
..\Src\UserTask.c(1677): warning:  #188-D: enumerated type mixed with another type
                                                        RGB1_Close();
..\Src\UserTask.c(1677): warning:  #188-D: enumerated type mixed with another type
                                                        RGB1_Close();
..\Src\UserTask.c(1678): warning:  #188-D: enumerated type mixed with another type
                                                        RGB2_Close();
..\Src\UserTask.c(1678): warning:  #188-D: enumerated type mixed with another type
                                                        RGB2_Close();
..\Src\UserTask.c(1678): warning:  #188-D: enumerated type mixed with another type
                                                        RGB2_Close();
..\Src\UserTask.c(1684): warning:  #188-D: enumerated type mixed with another type
                                                        RGB1_Green();
..\Src\UserTask.c(1684): warning:  #188-D: enumerated type mixed with another type
                                                        RGB1_Green();
..\Src\UserTask.c(1684): warning:  #188-D: enumerated type mixed with another type
                                                        RGB1_Green();
..\Src\UserTask.c(1685): warning:  #188-D: enumerated type mixed with another type
                                                        RGB2_Green();
..\Src\UserTask.c(1685): warning:  #188-D: enumerated type mixed with another type
                                                        RGB2_Green();
..\Src\UserTask.c(1685): warning:  #188-D: enumerated type mixed with another type
                                                        RGB2_Green();
..\Src\UserTask.c(1691): warning:  #188-D: enumerated type mixed with another type
                                                        RGB1_Close();
..\Src\UserTask.c(1691): warning:  #188-D: enumerated type mixed with another type
                                                        RGB1_Close();
..\Src\UserTask.c(1691): warning:  #188-D: enumerated type mixed with another type
                                                        RGB1_Close();
..\Src\UserTask.c(1692): warning:  #188-D: enumerated type mixed with another type
                                                        RGB2_Close();
..\Src\UserTask.c(1692): warning:  #188-D: enumerated type mixed with another type
                                                        RGB2_Close();
..\Src\UserTask.c(1692): warning:  #188-D: enumerated type mixed with another type
                                                        RGB2_Close();
..\Src\UserTask.c(1697): warning:  #188-D: enumerated type mixed with another type
                                                        RGB1_Green();
..\Src\UserTask.c(1697): warning:  #188-D: enumerated type mixed with another type
                                                        RGB1_Green();
..\Src\UserTask.c(1697): warning:  #188-D: enumerated type mixed with another type
                                                        RGB1_Green();
..\Src\UserTask.c(1698): warning:  #188-D: enumerated type mixed with another type
                                                        RGB2_Green();
..\Src\UserTask.c(1698): warning:  #188-D: enumerated type mixed with another type
                                                        RGB2_Green();
..\Src\UserTask.c(1698): warning:  #188-D: enumerated type mixed with another type
                                                        RGB2_Green();
..\Src\UserTask.c(1703): warning:  #188-D: enumerated type mixed with another type
                                                RGB1_Close();
..\Src\UserTask.c(1703): warning:  #188-D: enumerated type mixed with another type
                                                RGB1_Close();
..\Src\UserTask.c(1703): warning:  #188-D: enumerated type mixed with another type
                                                RGB1_Close();
..\Src\UserTask.c(1704): warning:  #188-D: enumerated type mixed with another type
                                                RGB2_Close();
..\Src\UserTask.c(1704): warning:  #188-D: enumerated type mixed with another type
                                                RGB2_Close();
..\Src\UserTask.c(1704): warning:  #188-D: enumerated type mixed with another type
                                                RGB2_Close();
..\Src\UserTask.c(1473): warning:  #177-D: variable "timeMs" was declared but never referenced
        static unsigned char timeMs = 0;
..\Src\UserTask.c(928): warning:  #177-D: function "mavlinkV1_parse" was declared but never referenced
  static unsigned char mavlinkV1_parse(uint8_t chan, uint8_t c)
..\Src\UserTask.c(1437): warning:  #177-D: function "acc_pro" was declared but never referenced
  static void acc_pro(DroneImuPro* pip)
..\Src\UserTask.c: 186 warnings, 0 errors
linking...
Program Size: Code=20888 RO-data=3816 RW-data=160 ZI-data=15040  
"MavSword\MavSword.axf" - 0 Error(s), 186 Warning(s).

<h2>Software Packages used:</h2>

Package Vendor: ARM
                http://www.keil.com/pack/ARM.CMSIS.4.2.0.pack
                ARM::CMSIS:CORE:3.40.0
                CMSIS (Cortex Microcontroller Software Interface Standard)
   * Component: CORE Version: 3.40.0

<h2>Collection of Component include folders:</h2>
  C:\Users\Awesome\Desktop\win10桌面备份\MavSwordCode\MavSword\MDK-ARM\RTE
  D:\APP\Major\keil513\ARM\PACK\ARM\CMSIS\4.2.0\CMSIS\Include
  D:\APP\Major\keil513\ARM\PACK\Keil\STM32F1xx_DFP\2.0.0

<h2>Collection of Component Files used:</h2>

   * Component: ARM::CMSIS:CORE:3.40.0
      Source file:   CMSIS\UserCodeTemplates\ARM\ITM_Retarget.c
</pre>
</body>
</html>
